Return-Path: <netdev+bounces-17008-lists+netdev=lfdr.de@vger.kernel.org>
X-Original-To: lists+netdev@lfdr.de
Delivered-To: lists+netdev@lfdr.de
Received: from sv.mirrors.kernel.org (sv.mirrors.kernel.org [IPv6:2604:1380:45e3:2400::1])
	by mail.lfdr.de (Postfix) with ESMTPS id E8C0A74FC93
	for <lists+netdev@lfdr.de>; Wed, 12 Jul 2023 03:20:15 +0200 (CEST)
Received: from smtp.subspace.kernel.org (wormhole.subspace.kernel.org [52.25.139.140])
	(using TLSv1.2 with cipher ECDHE-RSA-AES256-GCM-SHA384 (256/256 bits))
	(No client certificate requested)
	by sv.mirrors.kernel.org (Postfix) with ESMTPS id 422262818A1
	for <lists+netdev@lfdr.de>; Wed, 12 Jul 2023 01:20:14 +0000 (UTC)
Received: from localhost.localdomain (localhost.localdomain [127.0.0.1])
	by smtp.subspace.kernel.org (Postfix) with ESMTP id E187B37A;
	Wed, 12 Jul 2023 01:20:11 +0000 (UTC)
X-Original-To: netdev@vger.kernel.org
Received: from lindbergh.monkeyblade.net (lindbergh.monkeyblade.net [23.128.96.19])
	(using TLSv1.2 with cipher ECDHE-RSA-AES256-GCM-SHA384 (256/256 bits))
	(No client certificate requested)
	by smtp.subspace.kernel.org (Postfix) with ESMTPS id C1281362
	for <netdev@vger.kernel.org>; Wed, 12 Jul 2023 01:20:11 +0000 (UTC)
Received: from sonic317-21.consmr.mail.gq1.yahoo.com (sonic317-21.consmr.mail.gq1.yahoo.com [98.137.66.147])
	by lindbergh.monkeyblade.net (Postfix) with ESMTPS id 5DF501733
	for <netdev@vger.kernel.org>; Tue, 11 Jul 2023 18:20:00 -0700 (PDT)
DKIM-Signature: v=1; a=rsa-sha256; c=relaxed/relaxed; d=yahoo.com; s=s2048; t=1689124799; bh=rcq0InmKcyULlriFUZLw+JGpoYoBhP/OlMqv9agJSYE=; h=From:Subject:Date:Cc:To:References:From:Subject:Reply-To; b=EurrKc0/YuSjcrT2f14LGELcoSTHPd6GhbiX7oUj0GgeRjZJU8OslgMuIZCRYuZFUpEYO0YZB7KKvT9L00hRxLC+K38+egliRcBDbaumLlCOipvStpWm+Qj7lzK8ftSWJh+Q/uC9shrAA1rNgsEqjN4MhsczAMbHN2TVDc7VdpBweqbRvZrgLI5lFPVj+FGrk0aleDoXpo4pD0hHGv1FQsIV7B5Qn3UJWSE2rbmCcBgcULIRNtwH0ciU+OR/mYvvGc9b8NITGOsOV/253H6UQeJHiTkyGqbwFI0B6G3PU8qnSWGZVz0nZ2CY9zo70MqMEuZBfQzL2tzxR4GXCP2c7g==
X-SONIC-DKIM-SIGN: v=1; a=rsa-sha256; c=relaxed/relaxed; d=yahoo.com; s=s2048; t=1689124799; bh=QMSHDLB73BP952Z91XlUgbdkwDn/ei+SqGir6MyAHBP=; h=X-Sonic-MF:From:Subject:Date:To:From:Subject; b=PbndfQvuMsBK+CBiDJXmjcZZdI8sKOLdk3Gt6eJndRDadBqx8e9j9GcGO1m2NqQIoIvn2jkdkQhQAnufvcG08lzmD+aVTHCwC//COAN00kfFEvoEWGAgSuVGl671cDprYcVqoOBfGimGJTRsdyBlcuXCzp9VK+AorcmTZKSZHyhxe5AnorqnpaLteUju9qOPeKkN5WGWdQ5nrTAipHuC9bFx6ftqDT+I4fbUxU6kTc/3NfLpJU+ygxUsMqcl10rcAbtpQSNy5P3xLhMu529qFt9VTMFZbIwr2hk8EDKspKeW/mQzJQi9G9xijCOaCJbfDrUHHn3Q6uLVJrV+1CMWDw==
X-YMail-OSG: idEAjk4VM1k5cwYSq8KKMeesPXqfMlaD8cD8Yc2YU_p7_zTEtfZNPqE0XFts3qU
 Rc8Qgd7xZiMZStEuFq0q2VSqUS0QKZpmnXkAhITQI2C14xIbOxle1vjROO1L2qdOSBhCcqEbzZLn
 GT1bOpKUCnTwdxm6qN8hTSxDPdEmTuDIryiozN58IuHHWf0cVjC1IDqIEUpxxN3ix5BEeELNzly2
 UyM4FDLeS6EKWa1QVYwSL4YTKW80g0iO20C3W9o_GXH4q4Kwc4KA8X2f4yfPLtD1LZozJlU3_hr4
 qVEX5PvlZJPaRXN0fLZySZKehct9ws8gJSFAssQK6yGlkcbZqvnSR0cQygcSAL7m5RrEiZ7GNrb3
 _SYunE.sa17gcLtqZc.Dwh4QwSrjlm.POy.aHEXIQsk8yoSwrYzZLusuTu3KmE9vqA54eZyxPv7f
 sRIGbjETlKHObFHFjjD6q16bx_ThD1ulEDoHhNoBL2P.RBQr7zOWhTjWJaQmFDH7b9jtLBfLug0O
 uR8AG8Pcw6wSlBnOoz57pFlrbdzuusrzeZnvhlSltLt75VjpA55SnSwlm7_yDFycd8ZHER9VR2Fx
 egEWRpV7PSI.FUFeEIxp19r7gxHwzDeK.tH9d9p.952pSSwp.R1EVxJtXBROLY9l1_PQZK4064OV
 BJOxXpy6IyqVVmM.Gcioyb7X96bLf4pkPJNjdz4pS.YQW8Y6ILmos4soiJAxf1qw.Rhm8uphLjlB
 UsEUEE1jymN5wWN066b7YJpAf0kbvDkynh8.IG_7JnyRP8lDl5GG7YvATxaJrLV1Q7e6HpiQbtJu
 GuXNO7XDZja8V7y..KrZlhmKM.7CjjevPNNnwRHgJKUnnQJqyBipwP_PHGxeqFC1DK24SOSVcbQ2
 XsUF7wN0c2_Kq9F4ETQepiZJrqGFP6DTEHYjiU.xzI3z6UmY6DQgNGwhRFLJGoLvuSwcB.XDoGgL
 0rYxS.GzOIn5YgE3BjPyaGqB2h_jE4dQd6VCSJQNI.dG745Hut7YVV2fuZP4wXMetMYPdnQXTQYF
 1kRw5SbXq5b6z7hzSwGS1GvDK1ieWmRA2eQjQlExVdgpzLBSl6Y4Vf0MQulAAXwnkVW0AMXYSpFD
 r4niwUtAZpEgYOQuitiKq7OucszO_EcvCSceoYs_l4SJCn3J1dTyqk4Q3SiaCE4j6SwyH.S1PG2r
 5mmXw_zIV3XJh5PO6YL_aS4HzRuFb3DnFncwNfxBCy05bIbH7oVG8inglV1ZCg6nvQgpqcYgE3Tn
 g3JxPEDMiDAtxEywCs15rZ9DqsJ6OmgsQxNPfkRley9Pa58hPfxSoVtCKYLgnpSLTo6AJU8z_nKo
 Wxx1o1PLNU2GqPoVgiGLaVKh4MuCgz7f5o54PTvw_rndS6TA668CUlj3sxEl90DOsZKU__UDlxYD
 wv_Ldxl4NMKKdV0OJ.HOpPGWm3U7HOjg.fWhqXKcx0pYVWk9ebqIbEASYkuRJTyecoEOIrPEzdza
 rW2AGLr6c4AnBBhj9fBOtNGo1Ubwd0rL1tEsgttWILNMUQcqbyZ8AKsgyuYEV7yH2z9b_RM9EGjf
 _w9C7a9ydOG6Qmq9fung.ahEqooVgGx.ZpQ.0IMqRxpHg_XpmjTnfohmAlaq2Lb9OAUkpbeGrv3O
 7ddwTyYXrcVz31s2oLdlia3ZtFnSO7Rd967A_BsHIYYmxF1izKMA9fkzFYdu_JLnOPnQdtFK1pA9
 R493_BtQEaFv3oEZhyV3fp0.s2a1W33b8amoxY4FC0atOp0GqEGk67xklHrWnNTssuy1VC6gEZgu
 qZEXrqKDUURKo_QHEI2iwhyW671NAucdK4SXFlOXWuRYxzvffI.SCWiqqOntnDA8AziqKglRw5L4
 2f_vnA22Af17frVQgYBx0kkfMugxsDZs7j8MIkhCiXefmZYpPQaPb4EeTkRDgN5ZKDkm3lWIhL07
 dTOmcmENDjpWQV4G_Uc4ghwctQlc_YGzTkYxz_penS.zCw1fOWkhlh7zsF.HJNuruJRbNUwTLIUm
 sWTKQ27WUT1ul5OM_ftnjL9AFsmMM.eyRf.Ned5juJcGcm2Z1C8wqCTa4doxq10x98wxoMbhCNlL
 4Y8_AoNjfL.nwNAhxocEiDKB2HR5rTppFYMbflfKmR9YonJeOVoNkMq1t.iJPUmKFp7kkKqjwlvx
 aax0hTatBOZlQroJvHRh2QEAWZMzxg6.swt8b_CL88jGHkpVctKesGRIH4xuw.ZTVZDa2p9fUXlG
 YbN5jr6zFJq8Iz1aN364W5O0igQyq7QBW5gA-
X-Sonic-MF: <astrajoan@yahoo.com>
X-Sonic-ID: 77f2e939-62aa-4908-a742-2d312f6c22d0
Received: from sonic.gate.mail.ne1.yahoo.com by sonic317.consmr.mail.gq1.yahoo.com with HTTP; Wed, 12 Jul 2023 01:19:59 +0000
Received: by hermes--production-ne1-6d679867d5-nhrqn (Yahoo Inc. Hermes SMTP Server) with ESMTPA ID a4228b3efed96927a9d0578dfec56238;
          Wed, 12 Jul 2023 01:19:55 +0000 (UTC)
From: Astra Joan <astrajoan@yahoo.com>
Content-Type: multipart/mixed;
	boundary="Apple-Mail=_A7A721A2-6107-46CE-9A0C-0DBF80868EE4"
Precedence: bulk
X-Mailing-List: netdev@vger.kernel.org
List-Id: <netdev.vger.kernel.org>
List-Subscribe: <mailto:netdev+subscribe@vger.kernel.org>
List-Unsubscribe: <mailto:netdev+unsubscribe@vger.kernel.org>
Mime-Version: 1.0 (Mac OS X Mail 16.0 \(3731.600.7\))
Subject: Re: [PATCH] can: j1939: prevent deadlock by changing j1939_socks_lock
 to rwlock
Message-Id: <8A7EE4B2-4DCE-40FF-B971-F67F402872BB@yahoo.com>
Date: Thu, 6 Jul 2023 21:39:04 -0700
Cc: Astra Joan <astrajoan@yahoo.com>,
 davem@davemloft.net,
 edumazet@google.com,
 ivan.orlov0322@gmail.com,
 kernel@pengutronix.de,
 kuba@kernel.org,
 linux-can@vger.kernel.org,
 linux-kernel@vger.kernel.org,
 linux@rempel-privat.de,
 mkl@pengutronix.de,
 netdev@vger.kernel.org,
 o.rempel@pengutronix.de,
 pabeni@redhat.com,
 robin@protonic.nl,
 skhan@linuxfoundation.org,
 socketcan@hartkopp.net,
 syzbot+1591462f226d9cbf0564@syzkaller.appspotmail.com,
 syzkaller-bugs@googlegroups.com,
 syzkaller@googlegroups.com
To: dvyukov@google.com
X-Mailer: Apple Mail (2.3731.600.7)
References: <8A7EE4B2-4DCE-40FF-B971-F67F402872BB.ref@yahoo.com>
X-Spam-Status: No, score=1.3 required=5.0 tests=BAYES_00,DATE_IN_PAST_96_XX,
	DKIM_SIGNED,DKIM_VALID,DKIM_VALID_AU,DKIM_VALID_EF,FREEMAIL_FROM,
	RCVD_IN_DNSWL_BLOCKED,RCVD_IN_MSPIKE_H2,SPF_HELO_NONE,SPF_PASS,
	T_SCC_BODY_TEXT_LINE,URIBL_BLOCKED autolearn=no autolearn_force=no
	version=3.4.6
X-Spam-Level: *
X-Spam-Checker-Version: SpamAssassin 3.4.6 (2021-04-09) on
	lindbergh.monkeyblade.net


--Apple-Mail=_A7A721A2-6107-46CE-9A0C-0DBF80868EE4
Content-Transfer-Encoding: 7bit
Content-Type: text/plain;
	charset=us-ascii

Hi Dmitry,

Yes, I initially wanted to test my patch against this bug, but only
later realized there should be a reproducer in order to use syz test.

Also, I believe my local testing should suffice to show the patch's
ability to mitigate the deadlock bug. In particular, the attached error
log could be avoided if my patch was applied to the upstream. Could 
anyone in the mailing list review the patch given this context?

Best regards,
Ziqi


--Apple-Mail=_A7A721A2-6107-46CE-9A0C-0DBF80868EE4
Content-Disposition: attachment;
	filename=decode_netdevice.txt
Content-Type: text/plain;
	x-unix-mode=0644;
	name="decode_netdevice.txt"
Content-Transfer-Encoding: quoted-printable

[    0.000000][    T0] Linux version 6.4.0-rc6-00195-g40f71e7cd3c6 =
(astrajoan@Astras-Ubuntu) (gcc (Ubuntu 11.3.0-1ubuntu1~22.04.1) 11.3.0, =
GNU ld (GNU Binutils for Ubuntu) 2.38) #4 SMP PREEMPT_DYNAMIC Sun Jun 18 =
18:30:59 PDT 2023
[    0.000000][    T0] Command line: root=3D/dev/sda1 console=3DttyS0 =
earlyprintk=3Dserial
[    0.000000][    T0] KERNEL supported cpus:
[    0.000000][    T0]   Intel GenuineIntel
[    0.000000][    T0]   AMD AuthenticAMD
[    0.000000][    T0] x86/fpu: Supporting XSAVE feature 0x001: 'x87 =
floating point registers'
[    0.000000][    T0] x86/fpu: Supporting XSAVE feature 0x002: 'SSE =
registers'
[    0.000000][    T0] x86/fpu: Supporting XSAVE feature 0x004: 'AVX =
registers'
[    0.000000][    T0] x86/fpu: Supporting XSAVE feature 0x200: =
'Protection Keys User registers'
[    0.000000][    T0] x86/fpu: xstate_offset[2]:  576, xstate_sizes[2]: =
 256
[    0.000000][    T0] x86/fpu: xstate_offset[9]:  832, xstate_sizes[9]: =
   8
[    0.000000][    T0] x86/fpu: Enabled xstate features 0x207, context =
size is 840 bytes, using 'compacted' format.
[    0.000000][    T0] signal: max sigframe size: 3376
[    0.000000][    T0] BIOS-provided physical RAM map:
[    0.000000][    T0] BIOS-e820: [mem =
0x0000000000000000-0x000000000009fbff] usable
[    0.000000][    T0] BIOS-e820: [mem =
0x000000000009fc00-0x000000000009ffff] reserved
[    0.000000][    T0] BIOS-e820: [mem =
0x00000000000f0000-0x00000000000fffff] reserved
[    0.000000][    T0] BIOS-e820: [mem =
0x0000000000100000-0x00000000bffdcfff] usable
[    0.000000][    T0] BIOS-e820: [mem =
0x00000000bffdd000-0x00000000bfffffff] reserved
[    0.000000][    T0] BIOS-e820: [mem =
0x00000000feffc000-0x00000000feffffff] reserved
[    0.000000][    T0] BIOS-e820: [mem =
0x00000000fffc0000-0x00000000ffffffff] reserved
[    0.000000][    T0] BIOS-e820: [mem =
0x0000000100000000-0x000000043fffffff] usable
[    0.000000][    T0] printk: bootconsole [earlyser0] enabled
[    0.000000][    T0] ERROR: earlyprintk=3D earlyser already used
[    0.000000][    T0] ERROR: earlyprintk=3D earlyser already used
[    0.000000][    T0] ERROR: earlyprintk=3D earlyser already used
[    0.000000][    T0] =
**********************************************************
[    0.000000][    T0] **   NOTICE NOTICE NOTICE NOTICE NOTICE NOTICE =
NOTICE   **
[    0.000000][    T0] **                                                =
      **
[    0.000000][    T0] ** This system shows unhashed kernel memory =
addresses   **
[    0.000000][    T0] ** via the console, logs, and other interfaces. =
This    **
[    0.000000][    T0] ** might reduce the security of your system.      =
      **
[    0.000000][    T0] **                                                =
      **
[    0.000000][    T0] ** If you see this message and you are not =
debugging    **
[    0.000000][    T0] ** the kernel, report this immediately to your =
system   **
[    0.000000][    T0] ** administrator!                                 =
      **
[    0.000000][    T0] **                                                =
      **
[    0.000000][    T0] **   NOTICE NOTICE NOTICE NOTICE NOTICE NOTICE =
NOTICE   **
[    0.000000][    T0] =
**********************************************************
[    0.000000][    T0] Malformed early option 'vsyscall'
[    0.000000][    T0] NX (Execute Disable) protection: active
[    0.000000][    T0] SMBIOS 2.8 present.
[    0.000000][    T0] DMI: QEMU Standard PC (i440FX + PIIX, 1996), BIOS =
1.15.0-1 04/01/2014
[    0.000000][    T0] Hypervisor detected: KVM
[    0.000000][    T0] kvm-clock: Using msrs 4b564d01 and 4b564d00
[    0.000001][    T0] kvm-clock: using sched offset of 695362314 cycles
[    0.000340][    T0] clocksource: kvm-clock: mask: 0xffffffffffffffff =
max_cycles: 0x1cd42e4dffb, max_idle_ns: 881590591483 ns
[    0.001346][    T0] tsc: Detected 3399.998 MHz processor
[    0.004987][    T0] e820: update [mem 0x00000000-0x00000fff] usable =
=3D=3D> reserved
[    0.005001][    T0] e820: remove [mem 0x000a0000-0x000fffff] usable
[    0.005013][    T0] last_pfn =3D 0x440000 max_arch_pfn =3D =
0x400000000
[    0.005402][    T0] x86/PAT: Configuration [0-7]: WB  WC  UC- UC  WB  =
WP  UC- WT
[    0.005859][    T0] last_pfn =3D 0xbffdd max_arch_pfn =3D 0x400000000
[    0.008224][    T0] found SMP MP-table at [mem 0x000f5b90-0x000f5b9f]
[    0.008611][    T0] Using GB pages for direct mapping
[    0.009506][    T0] ACPI: Early table checksum verification disabled
[    0.009878][    T0] ACPI: RSDP 0x00000000000F59B0 000014 (v00 BOCHS )
[    0.010263][    T0] ACPI: RSDT 0x00000000BFFE1E8C 000034 (v01 BOCHS  =
BXPC     00000001 BXPC 00000001)
[    0.010784][    T0] ACPI: FACP 0x00000000BFFE1CC8 000074 (v01 BOCHS  =
BXPC     00000001 BXPC 00000001)
[    0.011321][    T0] ACPI: DSDT 0x00000000BFFE0040 001C88 (v01 BOCHS  =
BXPC     00000001 BXPC 00000001)
[    0.011850][    T0] ACPI: FACS 0x00000000BFFE0000 000040
[    0.012163][    T0] ACPI: APIC 0x00000000BFFE1D3C 0000F0 (v01 BOCHS  =
BXPC     00000001 BXPC 00000001)
[    0.012698][    T0] ACPI: HPET 0x00000000BFFE1E2C 000038 (v01 BOCHS  =
BXPC     00000001 BXPC 00000001)
[    0.013234][    T0] ACPI: WAET 0x00000000BFFE1E64 000028 (v01 BOCHS  =
BXPC     00000001 BXPC 00000001)
[    0.013760][    T0] ACPI: Reserving FACP table memory at [mem =
0xbffe1cc8-0xbffe1d3b]
[    0.014204][    T0] ACPI: Reserving DSDT table memory at [mem =
0xbffe0040-0xbffe1cc7]
[    0.014644][    T0] ACPI: Reserving FACS table memory at [mem =
0xbffe0000-0xbffe003f]
[    0.015078][    T0] ACPI: Reserving APIC table memory at [mem =
0xbffe1d3c-0xbffe1e2b]
[    0.015518][    T0] ACPI: Reserving HPET table memory at [mem =
0xbffe1e2c-0xbffe1e63]
[    0.015959][    T0] ACPI: Reserving WAET table memory at [mem =
0xbffe1e64-0xbffe1e8b]
[    0.016873][    T0] No NUMA configuration found
[    0.017138][    T0] Faking a node at [mem =
0x0000000000000000-0x000000043fffffff]
[    0.017557][    T0] Faking node 0 at [mem =
0x0000000000000000-0x000000023fffffff] (9216MB)
[    0.018026][    T0] Faking node 1 at [mem =
0x0000000240000000-0x000000043fffffff] (8192MB)
[    0.018723][    T0] NUMA: Initialized distance table, cnt=3D2
[    0.018731][    T0] NODE_DATA(0) allocated [mem =
0x23fffa000-0x23fffffff]
[    0.019232][    T0] NODE_DATA(1) allocated [mem =
0x43fff7000-0x43fffcfff]
[    0.038441][    T0] Zone ranges:
[    0.038651][    T0]   DMA      [mem =
0x0000000000001000-0x0000000000ffffff]
[    0.039049][    T0]   DMA32    [mem =
0x0000000001000000-0x00000000ffffffff]
[    0.039445][    T0]   Normal   [mem =
0x0000000100000000-0x000000043fffffff]
[    0.039833][    T0]   Device   empty
[    0.040042][    T0] Movable zone start for each node
[    0.040326][    T0] Early memory node ranges
[    0.040568][    T0]   node   0: [mem =
0x0000000000001000-0x000000000009efff]
[    0.040965][    T0]   node   0: [mem =
0x0000000000100000-0x00000000bffdcfff]
[    0.041370][    T0]   node   0: [mem =
0x0000000100000000-0x000000023fffffff]
[    0.041769][    T0]   node   1: [mem =
0x0000000240000000-0x000000043fffffff]
[    0.042178][    T0] Initmem setup node 0 [mem =
0x0000000000001000-0x000000023fffffff]
[    0.042626][    T0] Initmem setup node 1 [mem =
0x0000000240000000-0x000000043fffffff]
[    0.043065][    T0] On node 0, zone DMA: 1 pages in unavailable =
ranges
[    0.043174][    T0] On node 0, zone DMA: 97 pages in unavailable =
ranges
[    0.098558][    T0] On node 0, zone Normal: 35 pages in unavailable =
ranges
[    0.306063][    T0] kasan: KernelAddressSanitizer initialized
[    0.306904][    T0] ACPI: PM-Timer IO Port: 0x608
[    0.307190][    T0] APIC: NR_CPUS/possible_cpus limit of 8 reached. =
Processor 8/0x8 ignored.
[    0.307687][    T0] APIC: NR_CPUS/possible_cpus limit of 8 reached. =
Processor 9/0x9 ignored.
[    0.308173][    T0] APIC: NR_CPUS/possible_cpus limit of 8 reached. =
Processor 10/0xa ignored.
[    0.308678][    T0] APIC: NR_CPUS/possible_cpus limit of 8 reached. =
Processor 11/0xb ignored.
[    0.309183][    T0] APIC: NR_CPUS/possible_cpus limit of 8 reached. =
Processor 12/0xc ignored.
[    0.309671][    T0] APIC: NR_CPUS/possible_cpus limit of 8 reached. =
Processor 13/0xd ignored.
[    0.310180][    T0] APIC: NR_CPUS/possible_cpus limit of 8 reached. =
Processor 14/0xe ignored.
[    0.310674][    T0] APIC: NR_CPUS/possible_cpus limit of 8 reached. =
Processor 15/0xf ignored.
[    0.311171][    T0] ACPI: LAPIC_NMI (acpi_id[0xff] dfl dfl lint[0x1])
[    0.311575][    T0] IOAPIC[0]: apic_id 0, version 17, address =
0xfec00000, GSI 0-23
[    0.312020][    T0] ACPI: INT_SRC_OVR (bus 0 bus_irq 0 global_irq 2 =
dfl dfl)
[    0.312444][    T0] ACPI: INT_SRC_OVR (bus 0 bus_irq 5 global_irq 5 =
high level)
[    0.312871][    T0] ACPI: INT_SRC_OVR (bus 0 bus_irq 9 global_irq 9 =
high level)
[    0.313299][    T0] ACPI: INT_SRC_OVR (bus 0 bus_irq 10 global_irq 10 =
high level)
[    0.313731][    T0] ACPI: INT_SRC_OVR (bus 0 bus_irq 11 global_irq 11 =
high level)
[    0.314186][    T0] ACPI: Using ACPI (MADT) for SMP configuration =
information
[    0.314610][    T0] ACPI: HPET id: 0x8086a201 base: 0xfed00000
[    0.314968][    T0] TSC deadline timer available
[    0.315247][    T0] smpboot: 16 Processors exceeds NR_CPUS limit of 8
[    0.315619][    T0] smpboot: Allowing 8 CPUs, 0 hotplug CPUs
[    0.315972][    T0] kvm-guest: KVM setup pv remote TLB flush
[    0.316314][    T0] kvm-guest: setup PV sched yield
[    0.316639][    T0] PM: hibernation: Registered nosave memory: [mem =
0x00000000-0x00000fff]
[    0.317129][    T0] PM: hibernation: Registered nosave memory: [mem =
0x0009f000-0x0009ffff]
[    0.317606][    T0] PM: hibernation: Registered nosave memory: [mem =
0x000a0000-0x000effff]
[    0.318102][    T0] PM: hibernation: Registered nosave memory: [mem =
0x000f0000-0x000fffff]
[    0.318582][    T0] PM: hibernation: Registered nosave memory: [mem =
0xbffdd000-0xbfffffff]
[    0.319065][    T0] PM: hibernation: Registered nosave memory: [mem =
0xc0000000-0xfeffbfff]
[    0.319551][    T0] PM: hibernation: Registered nosave memory: [mem =
0xfeffc000-0xfeffffff]
[    0.320036][    T0] PM: hibernation: Registered nosave memory: [mem =
0xff000000-0xfffbffff]
[    0.320515][    T0] PM: hibernation: Registered nosave memory: [mem =
0xfffc0000-0xffffffff]
[    0.320994][    T0] [mem 0xc0000000-0xfeffbfff] available for PCI =
devices
[    0.321391][    T0] Booting paravirtualized kernel on KVM
[    0.321719][    T0] clocksource: refined-jiffies: mask: 0xffffffff =
max_cycles: 0xffffffff, max_idle_ns: 19112604462750000 ns
[    0.349733][    T0] setup_percpu: NR_CPUS:8 nr_cpumask_bits:8 =
nr_cpu_ids:8 nr_node_ids:2
[    0.350557][    T0] percpu: Embedded 72 pages/cpu s254856 r8192 =
d31864 u524288
[    0.350980][    T0] pcpu-alloc: s254856 r8192 d31864 u524288 =
alloc=3D1*2097152
[    0.350990][    T0] pcpu-alloc: [0] 0 2 4 6 [1] 1 3 5 7
[    0.351076][    T0] kvm-guest: PV spinlocks enabled
[    0.351371][    T0] PV qspinlock hash table entries: 256 (order: 0, =
4096 bytes, linear)
[    0.351848][    T0] Kernel command line: earlyprintk=3Dserial =
net.ifnames=3D0 sysctl.kernel.hung_task_all_cpu_backtrace=3D1 =
ima_policy=3Dtcb nf-conntrack-ftp.ports=3D20000 =
nf-conntrack-tftp.ports=3D20000 nf-conntrack-sip.ports=3D20000 =
nf-conntrack-irc.ports=3D20000 nf-conntrack-sane.ports=3D20000 =
binder.debug_mask=3D0 rcupdate.rcu_expedited=3D1 =
rcupdate.rcu_cpu_stall_cputime=3D1 no_hash_pointers page_owner=3Don =
sysctl.vm.nr_hugepages=3D4 sysctl.vm.nr_overcommit_hugepages=3D4 =
secretmem.enable=3D1 sysctl.max_rcu_stall_to_panic=3D1 =
msr.allow_writes=3Doff coredump_filter=3D0xffff root=3D/dev/sda =
console=3DttyS0 vsyscall=3Dnative numa=3Dfake=3D2 kvm-intel.nested=3D1 =
spec_store_bypass_disable=3Dprctl nopcid vivid.n_devs=3D16 =
vivid.multiplanar=3D1,2,1,2,1,2,1,2,1,2,1,2,1,2,1,2 netrom.nr_ndevs=3D16 =
rose.rose_ndevs=3D16 smp.csd_lock_timeout=3D100000 watchdog_thresh=3D55 =
workqueue.watchdog_thresh=3D140 =
sysctl.net.core.netdev_unregister_timeout_secs=3D140 dummy_hcd.num=3D8 =
panic_on_warn=3D1 root=3D/dev/sda1 console=3DttyS0 earlyprintk=3Dserial
[    0.359011][    T0] Unknown kernel command line parameters =
"spec_store_bypass_disable=3Dprctl", will be passed to user space.
[    0.359736][    T0] random: crng init done
[    0.360251][    T0] Fallback order for Node 0: 0 1
[    0.360258][    T0] Fallback order for Node 1: 1 0
[    0.360265][    T0] Built 2 zonelists, mobility grouping on.  Total =
pages: 4128477
[    0.361305][    T0] Policy zone: Normal
[    0.361685][    T0] mem auto-init: stack:off, heap alloc:on, heap =
free:off
[    0.362111][    T0] stackdepot: allocating hash table via =
alloc_large_system_hash
[    0.363130][    T0] stackdepot hash table entries: 1048576 (order: =
11, 8388608 bytes, linear)
[    0.363644][    T0] software IO TLB: area num 8.
[    0.897158][    T0] Memory: 14021472K/16776684K available (151552K =
kernel code, 36659K rwdata, 31504K rodata, 3296K init, 34532K bss, =
2754956K reserved, 0K cma-reserved)
[    0.898599][    T0] SLUB: HWalign=3D64, Order=3D0-3, MinObjects=3D0, =
CPUs=3D8, Nodes=3D2
[    0.969878][    T0] allocated 301989888 bytes of page_ext
[    0.970211][    T0] Node 0, zone      DMA: page owner found early =
allocated 0 pages
[    0.972566][    T0] Node 0, zone    DMA32: page owner found early =
allocated 0 pages
[    0.993428][    T0] Node 0, zone   Normal: page owner found early =
allocated 36961 pages
[    1.002600][    T0] Node 1, zone   Normal: page owner found early =
allocated 36867 pages
[    1.003453][    T0] Dynamic Preempt: full
[    1.003996][    T0] Running RCU self tests
[    1.004243][    T0] Running RCU synchronous self tests
[    1.004573][    T0] rcu: Preemptible hierarchical RCU implementation.
[    1.004960][    T0] rcu: 	RCU lockdep checking is enabled.
[    1.005287][    T0] rcu: 	RCU callback double-/use-after-free =
debug is enabled.
[    1.005720][    T0] rcu: 	RCU debug extended QS entry/exit.
[    1.006050][    T0] 	All grace periods are expedited (rcu_expedited).
[    1.006427][    T0] 	Trampoline variant of Tasks RCU enabled.
[    1.006758][    T0] 	Tracing variant of Tasks RCU enabled.
[    1.007086][    T0] rcu: RCU calculated value of scheduler-enlistment =
delay is 10 jiffies.
[    1.007608][    T0] Running RCU synchronous self tests
[    1.030641][    T0] NR_IRQS: 4352, nr_irqs: 488, preallocated irqs: =
16
[    1.031327][    T0] rcu: srcu_init: Setting srcu_struct sizes based =
on contention.
[    1.031925][    T0] kfence: initialized - using 2097152 bytes for 255 =
objects at 0xffff888437a00000-0xffff888437c00000
[    1.035427][    T0] Console: colour VGA+ 80x25
[    1.035736][    T0] printk: console [ttyS0] enabled
[    1.036315][    T0] printk: bootconsole [earlyser0] disabled
[    1.037012][    T0] Lock dependency validator: Copyright (c) 2006 Red =
Hat, Inc., Ingo Molnar
[    1.037510][    T0] ... MAX_LOCKDEP_SUBCLASSES:  8
[    1.037806][    T0] ... MAX_LOCK_DEPTH:          48
[    1.038108][    T0] ... MAX_LOCKDEP_KEYS:        8192
[    1.038410][    T0] ... CLASSHASH_SIZE:          4096
[    1.038720][    T0] ... MAX_LOCKDEP_ENTRIES:     131072
[    1.039035][    T0] ... MAX_LOCKDEP_CHAINS:      262144
[    1.039349][    T0] ... CHAINHASH_SIZE:          131072
[    1.039659][    T0]  memory used by lock dependency info: 20657 kB
[    1.040031][    T0]  memory used for stack traces: 8320 kB
[    1.040362][    T0]  per task-struct memory footprint: 1920 bytes
[    1.040786][    T0] mempolicy: Enabling automatic NUMA balancing. =
Configure with numa_balancing=3D or the kernel.numa_balancing sysctl
[    1.041514][    T0] ACPI: Core revision 20230331
[    1.042035][    T0] clocksource: hpet: mask: 0xffffffff max_cycles: =
0xffffffff, max_idle_ns: 19112604467 ns
[    1.042745][    T0] APIC: Switch to symmetric I/O mode setup
[    1.043201][    T0] x2apic enabled
[    1.043514][    T0] Switched APIC routing to physical x2apic.
[    1.043852][    T0] kvm-guest: setup PV IPIs
[    1.044886][    T0] ..TIMER: vector=3D0x30 apic1=3D0 pin1=3D2 =
apic2=3D-1 pin2=3D-1
[    1.045364][    T0] tsc: Marking TSC unstable due to TSCs =
unsynchronized
[    1.045812][    T0] Calibrating delay loop (skipped) preset value.. =
6799.99 BogoMIPS (lpj=3D33999980)
[    1.046435][    T0] pid_max: default: 32768 minimum: 301
[    1.046927][    T0] LSM: initializing =
lsm=3Dlockdown,capability,landlock,yama,safesetid,tomoyo,apparmor,bpf,inte=
grity
[    1.047673][    T0] landlock: Up and running.
[    1.047970][    T0] Yama: becoming mindful.
[    1.048293][    T0] TOMOYO Linux initialized
[    1.048676][    T0] AppArmor: AppArmor initialized
[    1.049005][    T0] LSM support for eBPF active
[    1.052077][    T0] Dentry cache hash table entries: 2097152 (order: =
12, 16777216 bytes, vmalloc hugepage)
[    1.057206][    T0] Inode-cache hash table entries: 1048576 (order: =
11, 8388608 bytes, vmalloc hugepage)
[    1.058031][    T0] Mount-cache hash table entries: 32768 (order: 6, =
262144 bytes, vmalloc)
[    1.058771][    T0] Mountpoint-cache hash table entries: 32768 =
(order: 6, 262144 bytes, vmalloc)
[    1.060698][    T0] x86/cpu: User Mode Instruction Prevention (UMIP) =
activated
[    1.061349][    T0] numa_add_cpu cpu 0 node 0: mask now 0
[    1.061359][    T0] numa_add_cpu cpu 0 node 1: mask now 0
[    1.061367][    T0] Last level iTLB entries: 4KB 512, 2MB 255, 4MB =
127
[    1.061809][    T0] Last level dTLB entries: 4KB 512, 2MB 255, 4MB =
127, 1GB 0
[    1.062289][    T0] Spectre V1 : Mitigation: usercopy/swapgs barriers =
and __user pointer sanitization
[    1.062919][    T0] Spectre V2 : Kernel not compiled with retpoline; =
no mitigation available!
[    1.062922][    T0] Spectre V2 : Vulnerable
[    1.063776][    T0] Spectre V2 : Spectre v2 / SpectreRSB mitigation: =
Filling RSB on context switch
[    1.064368][    T0] Spectre V2 : Enabling Restricted Speculation for =
firmware calls
[    1.064889][    T0] Spectre V2 : mitigation: Enabling conditional =
Indirect Branch Prediction Barrier
[    1.065522][    T0] Speculative Store Bypass: Mitigation: Speculative =
Store Bypass disabled via prctl
[    1.072294][    T0] Freeing SMP alternatives memory: 116K
[    1.072672][    T0] Running RCU synchronous self tests
[    1.073015][    T0] Running RCU synchronous self tests
[    1.073681][    T1] smpboot: CPU0: AMD Ryzen 9 5950X 16-Core =
Processor (family: 0x19, model: 0x21, stepping: 0x0)
[    1.075592][    T1] cblist_init_generic: Setting adjustable number of =
callback queues.
[    1.075807][    T1] cblist_init_generic: Setting shift to 3 and lim =
to 1.
[    1.075807][    T1] cblist_init_generic: Setting shift to 3 and lim =
to 1.
[    1.075807][    T1] Running RCU-tasks wait API self tests
[    1.205985][    T1] Performance Events: Fam17h+ core perfctr, AMD PMU =
driver.
[    1.207107][    T1] ... version:                0
[    1.207769][    T1] ... bit width:              48
[    1.208440][    T1] ... generic registers:      6
[    1.209097][    T1] ... value mask:             0000ffffffffffff
[    1.209950][    T1] ... max period:             00007fffffffffff
[    1.210795][    T1] ... fixed-purpose events:   0
[    1.211447][    T1] ... event mask:             000000000000003f
[    1.213113][    T1] rcu: Hierarchical SRCU implementation.
[    1.213897][    T1] rcu: 	Max phase no-delay instances is 1000.
[    1.220750][    T1] smp: Bringing up secondary CPUs ...
[    1.222972][    T1] x86: Booting SMP configuration:
[    1.223677][    T1] .... node  #1, CPUs:      #1
[    0.014015][    T0] numa_add_cpu cpu 1 node 0: mask now 0-1
[    0.014015][    T0] numa_add_cpu cpu 1 node 1: mask now 0-1
[    1.227055][    T1]
[    1.227407][    T1] .... node  #0, CPUs:   #2
[    0.014015][    T0] numa_add_cpu cpu 2 node 0: mask now 0-2
[    0.014015][    T0] numa_add_cpu cpu 2 node 1: mask now 0-2
[    1.228597][    T1]
[    1.228597][    T1] .... node  #1, CPUs:   #3
[    0.014015][    T0] numa_add_cpu cpu 3 node 0: mask now 0-3
[    0.014015][    T0] numa_add_cpu cpu 3 node 1: mask now 0-3
[    1.236033][    T1]
[    1.236370][    T1] .... node  #0, CPUs:   #4
[    0.014015][    T0] numa_add_cpu cpu 4 node 0: mask now 0-4
[    0.014015][    T0] numa_add_cpu cpu 4 node 1: mask now 0-4
[    1.237335][    T1]
[    1.237335][    T1] .... node  #1, CPUs:   #5
[    0.014015][    T0] numa_add_cpu cpu 5 node 0: mask now 0-5
[    0.014015][    T0] numa_add_cpu cpu 5 node 1: mask now 0-5
[    1.238496][    T1]
[    1.238496][    T1] .... node  #0, CPUs:   #6
[    0.014015][    T0] numa_add_cpu cpu 6 node 0: mask now 0-6
[    0.014015][    T0] numa_add_cpu cpu 6 node 1: mask now 0-6
[    1.245929][   T15] Callback from call_rcu_tasks_trace() invoked.
[    1.247954][    T1]
[    1.248313][    T1] .... node  #1, CPUs:   #7
[    0.014015][    T0] numa_add_cpu cpu 7 node 0: mask now 0-7
[    0.014015][    T0] numa_add_cpu cpu 7 node 1: mask now 0-7
[    1.249256][    T1] smp: Brought up 2 nodes, 8 CPUs
[    1.249256][    T1] smpboot: Max logical packages: 2
[    1.249256][    T1] smpboot: Total of 8 processors activated =
(54399.96 BogoMIPS)
[    1.257182][    T1] devtmpfs: initialized
[    1.257182][    T1] x86/mm: Memory block size: 128MB
[    1.291357][    T1] Running RCU synchronous self tests
[    1.295822][    T1] Running RCU synchronous self tests
[    1.296239][    T1] clocksource: jiffies: mask: 0xffffffff =
max_cycles: 0xffffffff, max_idle_ns: 19112604462750000 ns
[    1.297129][    T1] futex hash table entries: 2048 (order: 6, 262144 =
bytes, vmalloc)
[    1.298621][    T1] PM: RTC time: 04:59:44, date: 2023-06-19
[    1.306209][    T1] NET: Registered PF_NETLINK/PF_ROUTE protocol =
family
[    1.309127][    T1] audit: initializing netlink subsys (disabled)
[    1.309577][   T58] audit: type=3D2000 audit(1687150785.783:1): =
state=3Dinitialized audit_enabled=3D0 res=3D1
[    1.309577][    T1] thermal_sys: Registered thermal governor =
'step_wise'
[    1.309577][    T1] thermal_sys: Registered thermal governor =
'user_space'
[    1.309577][    T1] cpuidle: using governor menu
[    1.309577][    T1] NET: Registered PF_QIPCRTR protocol family
[    1.317238][    T1] dca service started, version 1.12.1
[    1.317661][    T1] PCI: Using configuration type 1 for base access
[    1.318087][    T1] PCI: Using configuration type 1 for extended =
access
[    1.321999][    T1] HugeTLB: registered 1.00 GiB page size, =
pre-allocated 0 pages
[    1.321999][    T1] HugeTLB: 16380 KiB vmemmap can be freed for a =
1.00 GiB page
[    1.325820][    T1] HugeTLB: registered 2.00 MiB page size, =
pre-allocated 0 pages
[    1.326322][    T1] HugeTLB: 28 KiB vmemmap can be freed for a 2.00 =
MiB page
[    1.328349][    T1] cryptd: max_cpu_qlen set to 1000
[    1.328349][    T1] raid6: skipped pq benchmark and selected avx2x4
[    1.328349][    T1] raid6: using avx2x2 recovery algorithm
[    1.328349][    T1] ACPI: Added _OSI(Module Device)
[    1.328349][    T1] ACPI: Added _OSI(Processor Device)
[    1.328349][    T1] ACPI: Added _OSI(3.0 _SCP Extensions)
[    1.328349][    T1] ACPI: Added _OSI(Processor Aggregator Device)
[    1.352358][    T1] ACPI: 1 ACPI AML tables successfully acquired and =
loaded
[    1.398614][    T1] ACPI: Interpreter enabled
[    1.399063][    T1] ACPI: PM: (supports S0 S3 S4 S5)
[    1.399423][    T1] ACPI: Using IOAPIC for interrupt routing
[    1.399885][    T1] PCI: Using host bridge windows from ACPI; if =
necessary, use "pci=3Dnocrs" and report a bug
[    1.400563][    T1] PCI: Using E820 reservations for host bridge =
windows
[    1.402038][    T1] ACPI: Enabled 2 GPEs in block 00 to 0F
[    1.426777][   T14] Callback from call_rcu_tasks() invoked.
[    1.443940][    T1] ACPI: PCI Root Bridge [PCI0] (domain 0000 [bus =
00-ff])
[    1.445835][    T1] acpi PNP0A03:00: _OSC: OS supports =
[ExtendedConfig ASPM ClockPM Segments MSI HPX-Type3]
[    1.447465][    T1] PCI host bridge to bus 0000:00
[    1.447809][    T1] pci_bus 0000:00: Unknown NUMA node; performance =
will be reduced
[    1.448351][    T1] pci_bus 0000:00: root bus resource [io  =
0x0000-0x0cf7 window]
[    1.448875][    T1] pci_bus 0000:00: root bus resource [io  =
0x0d00-0xffff window]
[    1.449407][    T1] pci_bus 0000:00: root bus resource [mem =
0x000a0000-0x000bffff window]
[    1.449974][    T1] pci_bus 0000:00: root bus resource [mem =
0xc0000000-0xfebfffff window]
[    1.450554][    T1] pci_bus 0000:00: root bus resource [mem =
0x440000000-0x4bfffffff window]
[    1.451143][    T1] pci_bus 0000:00: root bus resource [bus 00-ff]
[    1.451780][    T1] pci 0000:00:00.0: [8086:1237] type 00 class =
0x060000
[    1.460597][    T1] pci 0000:00:01.0: [8086:7000] type 00 class =
0x060100
[    1.461965][    T1] pci 0000:00:01.1: [8086:7010] type 00 class =
0x010180
[    1.463406][    T1] pci 0000:00:01.1: reg 0x20: [io  0xc080-0xc08f]
[    1.466217][    T1] pci 0000:00:01.1: legacy IDE quirk: reg 0x10: [io =
 0x01f0-0x01f7]
[    1.466782][    T1] pci 0000:00:01.1: legacy IDE quirk: reg 0x14: [io =
 0x03f6]
[    1.467297][    T1] pci 0000:00:01.1: legacy IDE quirk: reg 0x18: [io =
 0x0170-0x0177]
[    1.467845][    T1] pci 0000:00:01.1: legacy IDE quirk: reg 0x1c: [io =
 0x0376]
[    1.468661][    T1] pci 0000:00:01.3: [8086:7113] type 00 class =
0x068000
[    1.469393][    T1] pci 0000:00:01.3: quirk: [io  0x0600-0x063f] =
claimed by PIIX4 ACPI
[    1.469951][    T1] pci 0000:00:01.3: quirk: [io  0x0700-0x070f] =
claimed by PIIX4 SMB
[    1.470817][    T1] pci 0000:00:02.0: [1234:1111] type 00 class =
0x030000
[    1.472010][    T1] pci 0000:00:02.0: reg 0x10: [mem =
0xfd000000-0xfdffffff pref]
[    1.473632][    T1] pci 0000:00:02.0: reg 0x18: [mem =
0xfebb0000-0xfebb0fff]
[    1.478559][    T1] pci 0000:00:02.0: reg 0x30: [mem =
0xfeba0000-0xfebaffff pref]
[    1.479171][    T1] pci 0000:00:02.0: Video device with shadowed ROM =
at [mem 0x000c0000-0x000dffff]
[    1.487710][    T1] pci 0000:00:03.0: [8086:100e] type 00 class =
0x020000
[    1.488694][    T1] pci 0000:00:03.0: reg 0x10: [mem =
0xfeb80000-0xfeb9ffff]
[    1.489628][    T1] pci 0000:00:03.0: reg 0x14: [io  0xc000-0xc03f]
[    1.491993][    T1] pci 0000:00:03.0: reg 0x30: [mem =
0xfeb00000-0xfeb7ffff pref]
[    1.500417][    T1] pci 0000:00:04.0: [1af4:1004] type 00 class =
0x010000
[    1.501574][    T1] pci 0000:00:04.0: reg 0x10: [io  0xc040-0xc07f]
[    1.503225][    T1] pci 0000:00:04.0: reg 0x14: [mem =
0xfebb1000-0xfebb1fff]
[    1.508527][    T1] pci 0000:00:04.0: reg 0x20: [mem =
0xfe000000-0xfe003fff 64bit pref]
[    1.521433][    T1] ACPI: PCI: Interrupt link LNKA configured for IRQ =
10
[    1.522743][    T1] ACPI: PCI: Interrupt link LNKB configured for IRQ =
10
[    1.524003][    T1] ACPI: PCI: Interrupt link LNKC configured for IRQ =
11
[    1.526594][    T1] ACPI: PCI: Interrupt link LNKD configured for IRQ =
11
[    1.527403][    T1] ACPI: PCI: Interrupt link LNKS configured for IRQ =
9
[    1.532902][    T1] APIC: NR_CPUS/possible_cpus limit of 8 reached. =
Processor 16/0x8 ignored.
[    1.533527][    T1] ACPI: Unable to map lapic to logical cpu number
[    1.536698][    T1] APIC: NR_CPUS/possible_cpus limit of 8 reached. =
Processor 17/0x9 ignored.
[    1.536698][    T1] ACPI: Unable to map lapic to logical cpu number
[    1.537770][    T1] APIC: NR_CPUS/possible_cpus limit of 8 reached. =
Processor 18/0xa ignored.
[    1.538379][    T1] ACPI: Unable to map lapic to logical cpu number
[    1.539695][    T1] APIC: NR_CPUS/possible_cpus limit of 8 reached. =
Processor 19/0xb ignored.
[    1.540296][    T1] ACPI: Unable to map lapic to logical cpu number
[    1.541609][    T1] APIC: NR_CPUS/possible_cpus limit of 8 reached. =
Processor 20/0xc ignored.
[    1.542226][    T1] ACPI: Unable to map lapic to logical cpu number
[    1.546262][    T1] APIC: NR_CPUS/possible_cpus limit of 8 reached. =
Processor 21/0xd ignored.
[    1.546864][    T1] ACPI: Unable to map lapic to logical cpu number
[    1.548202][    T1] APIC: NR_CPUS/possible_cpus limit of 8 reached. =
Processor 22/0xe ignored.
[    1.548822][    T1] ACPI: Unable to map lapic to logical cpu number
[    1.550134][    T1] APIC: NR_CPUS/possible_cpus limit of 8 reached. =
Processor 23/0xf ignored.
[    1.550744][    T1] ACPI: Unable to map lapic to logical cpu number
[    1.551856][    T1] iommu: Default domain type: Translated
[    1.551856][    T1] iommu: DMA domain TLB invalidation policy: lazy =
mode
[    1.551856][    T1] SCSI subsystem initialized
[    1.555927][    T1] libata version 3.00 loaded.
[    1.556196][    T1] ACPI: bus type USB registered
[    1.556634][    T1] usbcore: registered new interface driver usbfs
[    1.557129][    T1] usbcore: registered new interface driver hub
[    1.557640][    T1] usbcore: registered new device driver usb
[    1.558474][    T1] mc: Linux media interface: v0.10
[    1.558881][    T1] videodev: Linux video capture interface: v2.00
[    1.559476][    T1] pps_core: LinuxPPS API ver. 1 registered
[    1.559881][    T1] pps_core: Software ver. 5.3.6 - Copyright =
2005-2007 Rodolfo Giometti <giometti@linux.it>
[    1.560590][    T1] PTP clock support registered
[    1.561012][    T1] EDAC MC: Ver: 3.0.0
[    1.561012][    T1] Advanced Linux Sound Architecture Driver =
Initialized.
[    1.566225][    T1] Bluetooth: Core ver 2.22
[    1.566597][    T1] NET: Registered PF_BLUETOOTH protocol family
[    1.567030][    T1] Bluetooth: HCI device and connection manager =
initialized
[    1.567532][    T1] Bluetooth: HCI socket layer initialized
[    1.567943][    T1] Bluetooth: L2CAP socket layer initialized
[    1.568377][    T1] Bluetooth: SCO socket layer initialized
[    1.568799][    T1] NET: Registered PF_ATMPVC protocol family
[    1.569210][    T1] NET: Registered PF_ATMSVC protocol family
[    1.569688][    T1] NetLabel: Initializing
[    1.569987][    T1] NetLabel:  domain hash size =3D 128
[    1.570341][    T1] NetLabel:  protocols =3D UNLABELED CIPSOv4 =
CALIPSO
[    1.570888][    T1] NetLabel:  unlabeled traffic allowed by default
[    1.571507][    T1] nfc: nfc_init: NFC Core ver 0.1
[    1.571507][    T1] NET: Registered PF_NFC protocol family
[    1.571507][    T1] PCI: Using ACPI for IRQ routing
[    1.571507][    T1] PCI: pci_cache_line_size set to 64 bytes
[    1.571507][    T1] e820: reserve RAM buffer [mem =
0x0009fc00-0x0009ffff]
[    1.571507][    T1] e820: reserve RAM buffer [mem =
0xbffdd000-0xbfffffff]
[    1.571507][    T1] pci 0000:00:02.0: vgaarb: setting as boot VGA =
device
[    1.571507][    T1] pci 0000:00:02.0: vgaarb: bridge control possible
[    1.571507][    T1] pci 0000:00:02.0: vgaarb: VGA device added: =
decodes=3Dio+mem,owns=3Dio+mem,locks=3Dnone
[    1.575821][    T1] vgaarb: loaded
[    1.578245][    T1] hpet0: at MMIO 0xfed00000, IRQs 2, 8, 0
[    1.578661][    T1] hpet0: 3 comparators, 64-bit 100.000000 MHz =
counter
[    1.583390][    T1] clocksource: Switched to clocksource kvm-clock
[    1.584053][    T1] VFS: Disk quotas dquot_6.6.0
[    1.584053][    T1] VFS: Dquot-cache hash table entries: 512 (order =
0, 4096 bytes)
[    1.584053][    T1] FS-Cache: Loaded
[    1.584053][    T1] CacheFiles: Loaded
[    1.584053][    T1] TOMOYO: 2.6.0
[    1.584053][    T1] Mandatory Access Control activated.
[    1.584053][    T1] AppArmor: AppArmor Filesystem Enabled
[    1.584053][    T1] pnp: PnP ACPI init
[    1.584053][    T1] pnp 00:02: [dma 2]
[    1.584839][    T1] pnp: PnP ACPI: found 6 devices
[    1.601646][    T1] clocksource: acpi_pm: mask: 0xffffff max_cycles: =
0xffffff, max_idle_ns: 2085701024 ns
[    1.602531][    T1] NET: Registered PF_INET protocol family
[    1.604531][    T1] IP idents hash table entries: 262144 (order: 9, =
2097152 bytes, vmalloc)
[    1.609243][    T1] tcp_listen_portaddr_hash hash table entries: 8192 =
(order: 7, 589824 bytes, vmalloc)
[    1.610238][    T1] Table-perturb hash table entries: 65536 (order: =
6, 262144 bytes, vmalloc)
[    1.611566][    T1] TCP established hash table entries: 131072 =
(order: 8, 1048576 bytes, vmalloc)
[    1.614830][    T1] TCP bind hash table entries: 65536 (order: 11, =
9437184 bytes, vmalloc hugepage)
[    1.617542][    T1] TCP: Hash tables configured (established 131072 =
bind 65536)
[    1.619440][    T1] MPTCP token hash table entries: 16384 (order: 8, =
1441792 bytes, vmalloc)
[    1.621300][    T1] UDP hash table entries: 8192 (order: 8, 1310720 =
bytes, vmalloc)
[    1.623031][    T1] UDP-Lite hash table entries: 8192 (order: 8, =
1310720 bytes, vmalloc)
[    1.624183][    T1] NET: Registered PF_UNIX/PF_LOCAL protocol family
[    1.625422][    T1] RPC: Registered named UNIX socket transport =
module.
[    1.625915][    T1] RPC: Registered udp transport module.
[    1.626302][    T1] RPC: Registered tcp transport module.
[    1.626681][    T1] RPC: Registered tcp NFSv4.1 backchannel transport =
module.
[    1.628198][    T1] NET: Registered PF_XDP protocol family
[    1.628605][    T1] pci_bus 0000:00: resource 4 [io  0x0000-0x0cf7 =
window]
[    1.629105][    T1] pci_bus 0000:00: resource 5 [io  0x0d00-0xffff =
window]
[    1.629593][    T1] pci_bus 0000:00: resource 6 [mem =
0x000a0000-0x000bffff window]
[    1.630129][    T1] pci_bus 0000:00: resource 7 [mem =
0xc0000000-0xfebfffff window]
[    1.630664][    T1] pci_bus 0000:00: resource 8 [mem =
0x440000000-0x4bfffffff window]
[    1.631456][    T1] pci 0000:00:01.0: PIIX3: Enabling Passive Release
[    1.631924][    T1] pci 0000:00:00.0: Limiting direct PCI/PCI =
transfers
[    1.632472][    T1] PCI: CLS 0 bytes, default 64
[    1.632847][    T1] PCI-DMA: Using software bounce buffering for IO =
(SWIOTLB)
[    1.633348][    T1] software IO TLB: mapped [mem =
0x00000000bbfdd000-0x00000000bffdd000] (64MB)
[    1.633970][    T1] ACPI: bus type thunderbolt registered
[    1.636444][   T94] kworker/u17:1 (94) used greatest stack depth: =
27984 bytes left
[    1.636492][    T1] kvm_intel: VMX not supported by CPU 0
[    1.637848][    T1] kvm_amd: TSC scaling supported
[    1.638203][    T1] kvm_amd: Nested Virtualization enabled
[    1.638593][    T1] kvm_amd: Nested Paging enabled
[    1.638957][    T1] kvm_amd: Virtual VMLOAD VMSAVE supported
[    1.639359][    T1] kvm_amd: Virtual GIF supported
[    1.639702][    T1] kvm_amd: LBR virtualization supported
[    1.658763][  T118] kworker/u17:1 (118) used greatest stack depth: =
27736 bytes left
[    1.659299][  T119] kworker/u17:1 (119) used greatest stack depth: =
27424 bytes left
[    3.538161][    T1] Initialise system trusted keyrings
[    3.540149][    T1] workingset: timestamp_bits=3D40 max_order=3D22 =
bucket_order=3D0
[    3.542108][    T1] zbud: loaded
[    3.545926][    T1] DLM installed
[    3.548051][    T1] squashfs: version 4.0 (2009/01/31) Phillip =
Lougher
[    3.551907][    T1] NFS: Registering the id_resolver key type
[    3.552570][    T1] Key type id_resolver registered
[    3.553021][    T1] Key type id_legacy registered
[    3.553515][    T1] nfs4filelayout_init: NFSv4 File Layout Driver =
Registering...
[    3.554391][    T1] nfs4flexfilelayout_init: NFSv4 Flexfile Layout =
Driver Registering...
[    3.558643][    T1] Key type cifs.spnego registered
[    3.559284][    T1] Key type cifs.idmap registered
[    3.560036][    T1] ntfs: driver 2.1.32 [Flags: R/W].
[    3.560690][    T1] ntfs3: Max link count 4000
[    3.561206][    T1] ntfs3: Enabled Linux POSIX ACLs support
[    3.561809][    T1] ntfs3: Read-only LZX/Xpress compression included
[    3.562538][    T1] efs: 1.0a - http://aeschi.ch.eu.org/efs/
[    3.563165][    T1] jffs2: version 2.2. (NAND) (SUMMARY)  =C2=A9 =
2001-2006 Red Hat, Inc.
[    3.564687][    T1] romfs: ROMFS MTD (C) 2007 Red Hat, Inc.
[    3.565334][    T1] QNX4 filesystem 0.2.3 registered.
[    3.565905][    T1] qnx6: QNX6 filesystem 1.0.0 registered.
[    3.566848][    T1] fuse: init (API version 7.38)
[    3.568315][    T1] orangefs_debugfs_init: called with debug mask: =
:none: :0:
[    3.569190][    T1] orangefs_init: module version upstream loaded
[    3.569807][    T1] JFS: nTxBlock =3D 8192, nTxLock =3D 65536
[    3.581811][    T1] SGI XFS with ACLs, security attributes, realtime, =
quota, no debug enabled
[    3.584495][    T1] 9p: Installing v9fs 9p2000 file system support
[    3.585321][    T1] NILFS version 2 loaded
[    3.585772][    T1] befs: version: 0.9.3
[    3.586389][    T1] ocfs2: Registered cluster interface o2cb
[    3.587315][    T1] ocfs2: Registered cluster interface user
[    3.588250][    T1] OCFS2 User DLM kernel interface loaded
[    3.593706][    T1] gfs2: GFS2 installed
[    3.598792][    T1] ceph: loaded (mds proto 32)
[    3.609570][    T1] NET: Registered PF_ALG protocol family
[    3.610966][    T1] xor: automatically using best checksumming =
function   avx
[    3.612819][    T1] async_tx: api initialized (async)
[    3.614085][    T1] Key type asymmetric registered
[    3.615270][    T1] Asymmetric key parser 'x509' registered
[    3.616622][    T1] Asymmetric key parser 'pkcs8' registered
[    3.617970][    T1] Key type pkcs7_test registered
[    3.619249][    T1] Block layer SCSI generic (bsg) driver version 0.4 =
loaded (major 240)
[    3.621653][    T1] io scheduler mq-deadline registered
[    3.622899][    T1] io scheduler kyber registered
[    3.624212][    T1] io scheduler bfq registered
[    3.628632][    T1] input: Power Button as =
/devices/LNXSYSTM:00/LNXPWRBN:00/input/input0
[    3.634420][    T1] ACPI: button: Power Button [PWRF]
[    3.637023][  T212] kworker/u17:0 (212) used greatest stack depth: =
27120 bytes left
[    3.640280][    T1] ioatdma: Intel(R) QuickData Technology Driver =
5.00
[    4.264445][    T1] ACPI: _SB_.LNKD: Enabled at IRQ 11
[    4.324425][    T1] N_HDLC line discipline registered with =
maxframe=3D4096
[    4.325199][    T1] Serial: 8250/16550 driver, 4 ports, IRQ sharing =
enabled
[    4.326255][    T1] 00:04: ttyS0 at I/O 0x3f8 (irq =3D 4, base_baud =3D=
 115200) is a 16550A
[    4.330677][    T1] Non-volatile memory driver v1.3
[    4.331275][    T1] Linux agpgart interface v0.103
[    4.332704][    T1] ACPI: bus type drm_connector registered
[    4.334540][    T1] [drm] Initialized vgem 1.0.0 20120112 for vgem on =
minor 0
[    4.336925][    T1] [drm] Initialized vkms 1.0.0 20180514 for vkms on =
minor 1
[    4.388817][    T1] Console: switching to colour frame buffer device =
128x48
[    4.407053][    T1] platform vkms: [drm] fb0: vkmsdrmfb frame buffer =
device
[    4.407885][    T1] usbcore: registered new interface driver udl
[    4.408738][    T1] bochs-drm 0000:00:02.0: vgaarb: deactivate vga =
console
[    4.411280][    T1] [drm] Found bochs VGA, ID 0xb0c5.
[    4.411818][    T1] [drm] Framebuffer size 16384 kB @ 0xfd000000, =
mmio @ 0xfebb0000.
[    4.413815][    T1] [drm] Found EDID data blob.
[    4.415075][    T1] [drm] Initialized bochs-drm 1.0.0 20130925 for =
0000:00:02.0 on minor 2
[    4.419397][    T1] fbcon: bochs-drmdrmfb (fb1) is primary device
[    4.419404][    T1] fbcon: Remapping primary device, fb1, to tty 1-63
[    8.282098][    T1] bochs-drm 0000:00:02.0: [drm] fb1: bochs-drmdrmfb =
frame buffer device
[    8.288808][   T16] Floppy drive(s): fd0 is 2.88M AMI BIOS
[    8.300786][    T1] brd: module loaded
[    8.314449][   T16] FDC 0 is a S82078B
[    8.323320][    T1] loop: module loaded
[    8.354164][    T1] zram: Added device: zram0
[    8.357229][    T1] null_blk: disk nullb0 created
[    8.357745][    T1] null_blk: module loaded
[    8.358254][    T1] Guest personality initialized and is inactive
[    8.359140][    T1] VMCI host device registered (name=3Dvmci, =
major=3D10, minor=3D118)
[    8.359949][    T1] Initialized host personality
[    8.360517][    T1] usbcore: registered new interface driver rtsx_usb
[    8.361380][    T1] usbcore: registered new interface driver =
viperboard
[    8.362185][    T1] usbcore: registered new interface driver dln2
[    8.362967][    T1] usbcore: registered new interface driver =
pn533_usb
[    8.364778][    T1] nfcsim 0.2 initialized
[    8.365305][    T1] usbcore: registered new interface driver port100
[    8.366088][    T1] usbcore: registered new interface driver nfcmrvl
[    8.367641][    T1] Loading iSCSI transport class v2.0-870.
[    8.372066][    T1] scsi host0: Virtio SCSI HBA
[    8.377057][    T1] st: Version 20160209, fixed bufsize 32768, s/g =
segs 256
[    8.377817][   T97] scsi 0:0:0:0: Direct-Access     QEMU     QEMU =
HARDDISK    2.5+ PQ: 0 ANSI: 5
[    8.381272][    T1] ata_piix 0000:00:01.1: version 2.13
[    8.383706][    T1] scsi host1: ata_piix
[    8.385129][    T1] scsi host2: ata_piix
[    8.385839][    T1] ata1: PATA max MWDMA2 cmd 0x1f0 ctl 0x3f6 bmdma =
0xc080 irq 14
[    8.386703][    T1] ata2: PATA max MWDMA2 cmd 0x170 ctl 0x376 bmdma =
0xc088 irq 15
[    8.388729][    T1] Rounding down aligned max_sectors from 4294967295 =
to 4294967288
[    8.389866][    T1] db_root: cannot open: /etc/target
[    8.390714][    T1] slram: not enough parameters.
[    8.392829][    T1] ftl_cs: FTL header not found.
[    8.399540][    T1] wireguard: WireGuard 1.0.0 loaded. See =
www.wireguard.com for information.
[    8.400508][    T1] wireguard: Copyright (C) 2015-2019 Jason A. =
Donenfeld <Jason@zx2c4.com>. All Rights Reserved.
[    8.401676][    T1] eql: Equalizer2002: Simon Janes (simon@ncm.com) =
and David S. Miller (davem@redhat.com)
[    8.404382][    T1] MACsec IEEE 802.1AE
[    8.406624][    T1] tun: Universal TUN/TAP device driver, 1.6
[    8.407625][    T1] vcan: Virtual CAN interface driver
[    8.408220][    T1] vxcan: Virtual CAN Tunnel driver
[    8.408805][    T1] slcan: serial line CAN interface driver
[    8.409448][    T1] CAN device driver interface
[    8.410034][    T1] usbcore: registered new interface driver usb_8dev
[    8.410821][    T1] usbcore: registered new interface driver ems_usb
[    8.411570][    T1] usbcore: registered new interface driver gs_usb
[    8.412350][    T1] usbcore: registered new interface driver =
kvaser_usb
[    8.413125][    T1] usbcore: registered new interface driver mcba_usb
[    8.413866][    T1] usbcore: registered new interface driver peak_usb
[    8.414720][    T1] e100: Intel(R) PRO/100 Network Driver
[    8.415328][    T1] e100: Copyright(c) 1999-2006 Intel Corporation
[    8.416075][    T1] e1000: Intel(R) PRO/1000 Network Driver
[    8.416677][    T1] e1000: Copyright (c) 1999-2006 Intel Corporation.
[    8.509400][   T97] sd 0:0:0:0: Attached scsi generic sg0 type 0
[    8.509659][    C2] sd 0:0:0:0: Power-on or device reset occurred
[    8.510996][ T1068] sd 0:0:0:0: [sda] 2097458 512-byte logical =
blocks: (1.07 GB/1.00 GiB)
[    8.511984][ T1068] sd 0:0:0:0: [sda] Write Protect is off
[    8.512598][ T1068] sd 0:0:0:0: [sda] Mode Sense: 63 00 00 08
[    8.512765][ T1068] sd 0:0:0:0: [sda] Write cache: enabled, read =
cache: enabled, doesn't support DPO or FUA
[    8.519194][ T1068]  sda: sda1
[    8.520264][ T1068] sd 0:0:0:0: [sda] Attached SCSI disk
[    9.059201][    T1] ACPI: _SB_.LNKC: Enabled at IRQ 10
[    9.414468][    T1] e1000 0000:00:03.0 eth0: (PCI:33MHz:32-bit) =
52:54:00:12:34:56
[    9.415288][    T1] e1000 0000:00:03.0 eth0: Intel(R) PRO/1000 =
Network Connection
[    9.416166][    T1] e1000e: Intel(R) PRO/1000 Network Driver
[    9.416778][    T1] e1000e: Copyright(c) 1999 - 2015 Intel =
Corporation.
[    9.417909][    T1] mkiss: AX.25 Multikiss, Hans Albas PE1AYX
[    9.418524][    T1] AX.25: 6pack driver, Revision: 0.3.0
[    9.419105][    T1] AX.25: bpqether driver version 004
[    9.419674][    T1] PPP generic driver version 2.4.2
[    9.420490][    T1] PPP BSD Compression module registered
[    9.421073][    T1] PPP Deflate Compression module registered
[    9.421705][    T1] PPP MPPE Compression module registered
[    9.422290][    T1] NET: Registered PF_PPPOX protocol family
[    9.422921][    T1] PPTP driver version 0.8.5
[    9.423835][    T1] SLIP: version 0.8.4-NET3.019-NEWTTY (dynamic =
channels, max=3D256) (6 bit encapsulation enabled).
[    9.424965][    T1] CSLIP: code copyright 1989 Regents of the =
University of California.
[    9.425814][    T1] SLIP linefill/keepalive option.
[    9.426339][    T1] hdlc: HDLC support module revision 1.22
[    9.426942][    T1] LAPB Ethernet driver version 0.02
[    9.427663][    T1] usbcore: registered new interface driver =
ath9k_htc
[    9.428418][    T1] usbcore: registered new interface driver carl9170
[    9.429175][    T1] usbcore: registered new interface driver =
ath6kl_usb
[    9.429946][    T1] usbcore: registered new interface driver ar5523
[    9.430705][    T1] usbcore: registered new interface driver =
ath10k_usb
[    9.431480][    T1] usbcore: registered new interface driver =
rndis_wlan
[    9.432293][    T1] mac80211_hwsim: initializing netlink
[    9.433384][    T1] ieee80211 phy0: Selected rate control algorithm =
'minstrel_ht'
[    9.436328][    T1] ieee80211 phy1: Selected rate control algorithm =
'minstrel_ht'
[    9.439012][    T1] usbcore: registered new interface driver atusb
[    9.442328][    T1] mac802154_hwsim mac802154_hwsim: Added 2 =
mac802154 hwsim hardware radios
[    9.443406][    T1] VMware vmxnet3 virtual NIC driver - version =
1.7.0.0-k-NAPI
[    9.444373][    T1] usbcore: registered new interface driver catc
[    9.445094][    T1] usbcore: registered new interface driver kaweth
[    9.445776][    T1] pegasus: Pegasus/Pegasus II USB Ethernet driver
[    9.446527][    T1] usbcore: registered new interface driver pegasus
[    9.447279][    T1] usbcore: registered new interface driver rtl8150
[    9.448004][    T1] usbcore: registered new device driver =
r8152-cfgselector
[    9.448818][    T1] usbcore: registered new interface driver r8152
[    9.449468][    T1] hso: drivers/net/usb/hso.c: Option Wireless
[    9.450180][    T1] usbcore: registered new interface driver hso
[    9.450867][    T1] usbcore: registered new interface driver lan78xx
[    9.451603][    T1] usbcore: registered new interface driver asix
[    9.452305][    T1] usbcore: registered new interface driver =
ax88179_178a
[    9.453085][    T1] usbcore: registered new interface driver =
cdc_ether
[    9.453830][    T1] usbcore: registered new interface driver cdc_eem
[    9.454579][    T1] usbcore: registered new interface driver dm9601
[    9.455315][    T1] usbcore: registered new interface driver sr9700
[    9.456038][    T1] usbcore: registered new interface driver =
CoreChips
[    9.456820][    T1] usbcore: registered new interface driver smsc75xx
[    9.457560][    T1] usbcore: registered new interface driver smsc95xx
[    9.458312][    T1] usbcore: registered new interface driver gl620a
[    9.459022][    T1] usbcore: registered new interface driver net1080
[    9.459768][    T1] usbcore: registered new interface driver plusb
[    9.460492][    T1] usbcore: registered new interface driver =
rndis_host
[    9.461254][    T1] usbcore: registered new interface driver =
cdc_subset
[    9.462012][    T1] usbcore: registered new interface driver zaurus
[    9.462751][    T1] usbcore: registered new interface driver MOSCHIP =
usb-ethernet driver
[    9.463677][    T1] usbcore: registered new interface driver int51x1
[    9.464438][    T1] usbcore: registered new interface driver =
cdc_phonet
[    9.465146][    T1] usbcore: registered new interface driver kalmia
[    9.465740][    T1] usbcore: registered new interface driver ipheth
[    9.466329][    T1] usbcore: registered new interface driver =
sierra_net
[    9.467132][    T1] usbcore: registered new interface driver =
cx82310_eth
[    9.467928][    T1] usbcore: registered new interface driver cdc_ncm
[    9.468714][    T1] usbcore: registered new interface driver =
huawei_cdc_ncm
[    9.469500][    T1] usbcore: registered new interface driver lg-vl600
[    9.469979][    T1] usbcore: registered new interface driver qmi_wwan
[    9.470454][    T1] usbcore: registered new interface driver cdc_mbim
[    9.470946][    T1] usbcore: registered new interface driver ch9200
[    9.471408][    T1] usbcore: registered new interface driver =
r8153_ecm
[    9.472974][    T1] VFIO - User Level meta-driver version: 0.3
[    9.474907][    T1] aoe: AoE v85 initialised.
[    9.476548][    T1] SPI driver max3421-hcd has no spi_device_id for =
maxim,max3421
[    9.477201][    T1] usbcore: registered new interface driver cdc_acm
[    9.477647][    T1] cdc_acm: USB Abstract Control Model driver for =
USB modems and ISDN adapters
[    9.478283][    T1] usbcore: registered new interface driver usblp
[    9.478751][    T1] usbcore: registered new interface driver cdc_wdm
[    9.479232][    T1] usbcore: registered new interface driver usbtmc
[    9.479909][    T1] usbcore: registered new interface driver uas
[    9.480379][    T1] usbcore: registered new interface driver =
usb-storage
[    9.480898][    T1] usbcore: registered new interface driver =
ums-alauda
[    9.481396][    T1] usbcore: registered new interface driver =
ums-cypress
[    9.481897][    T1] usbcore: registered new interface driver =
ums-datafab
[    9.482394][    T1] usbcore: registered new interface driver =
ums_eneub6250
[    9.482904][    T1] usbcore: registered new interface driver =
ums-freecom
[    9.483392][    T1] usbcore: registered new interface driver =
ums-isd200
[    9.483891][    T1] usbcore: registered new interface driver =
ums-jumpshot
[    9.484420][    T1] usbcore: registered new interface driver =
ums-karma
[    9.484912][    T1] usbcore: registered new interface driver =
ums-onetouch
[    9.485419][    T1] usbcore: registered new interface driver =
ums-realtek
[    9.485915][    T1] usbcore: registered new interface driver =
ums-sddr09
[    9.486412][    T1] usbcore: registered new interface driver =
ums-sddr55
[    9.486904][    T1] usbcore: registered new interface driver =
ums-usbat
[    9.487407][    T1] usbcore: registered new interface driver mdc800
[    9.487837][    T1] mdc800: v0.7.5 (30/10/2000):USB Driver for Mustek =
MDC800 Digital Camera
[    9.488452][    T1] usbcore: registered new interface driver =
microtekX6
[    9.489014][    T1] usbcore: registered new interface driver =
usbserial_generic
[    9.489670][    T1] usbserial: USB Serial support registered for =
generic
[    9.490188][    T1] usbcore: registered new interface driver aircable
[    9.490685][    T1] usbserial: USB Serial support registered for =
aircable
[    9.491200][    T1] usbcore: registered new interface driver ark3116
[    9.491672][    T1] usbserial: USB Serial support registered for =
ark3116
[    9.492186][    T1] usbcore: registered new interface driver =
belkin_sa
[    9.492681][    T1] usbserial: USB Serial support registered for =
Belkin / Peracom / GoHubs USB Serial Adapter
[    9.493402][    T1] usbcore: registered new interface driver ch341
[    9.493867][    T1] usbserial: USB Serial support registered for =
ch341-uart
[    9.494404][    T1] usbcore: registered new interface driver cp210x
[    9.494878][    T1] usbserial: USB Serial support registered for =
cp210x
[    9.495372][    T1] usbcore: registered new interface driver =
cyberjack
[    9.495850][    T1] usbserial: USB Serial support registered for =
Reiner SCT Cyberjack USB card reader
[    9.496517][    T1] usbcore: registered new interface driver =
cypress_m8
[    9.497040][    T1] usbserial: USB Serial support registered for =
DeLorme Earthmate USB
[    9.497614][    T1] usbserial: USB Serial support registered for =
HID->COM RS232 Adapter
[    9.498186][    T1] usbserial: USB Serial support registered for =
Nokia CA-42 V2 Adapter
[    9.498808][    T1] usbcore: registered new interface driver =
usb_debug
[    9.499302][    T1] usbserial: USB Serial support registered for =
debug
[    9.499784][    T1] usbserial: USB Serial support registered for =
xhci_dbc
[    9.500287][    T1] usbcore: registered new interface driver =
digi_acceleport
[    9.500801][    T1] usbserial: USB Serial support registered for Digi =
2 port USB adapter
[    9.501387][    T1] usbserial: USB Serial support registered for Digi =
4 port USB adapter
[    9.501976][    T1] usbcore: registered new interface driver =
io_edgeport
[    9.502477][    T1] usbserial: USB Serial support registered for =
Edgeport 2 port adapter
[    9.503064][    T1] usbserial: USB Serial support registered for =
Edgeport 4 port adapter
[    9.503665][    T1] usbserial: USB Serial support registered for =
Edgeport 8 port adapter
[    9.504321][    T1] usbserial: USB Serial support registered for EPiC =
device
[    9.504857][    T1] usbcore: registered new interface driver io_ti
[    9.505313][    T1] usbserial: USB Serial support registered for =
Edgeport TI 1 port adapter
[    9.505920][    T1] usbserial: USB Serial support registered for =
Edgeport TI 2 port adapter
[    9.506531][    T1] usbcore: registered new interface driver empeg
[    9.506988][    T1] usbserial: USB Serial support registered for =
empeg
[    9.507483][    T1] usbcore: registered new interface driver =
f81534a_ctrl
[    9.508004][    T1] usbcore: registered new interface driver f81232
[    9.508488][    T1] usbserial: USB Serial support registered for =
f81232
[    9.508986][    T1] usbserial: USB Serial support registered for =
f81534a
[    9.509489][    T1] usbcore: registered new interface driver f81534
[    9.509957][    T1] usbserial: USB Serial support registered for =
Fintek F81532/F81534
[    9.510525][    T1] usbcore: registered new interface driver ftdi_sio
[    9.511022][    T1] usbserial: USB Serial support registered for FTDI =
USB Serial Device
[    9.511601][    T1] usbcore: registered new interface driver =
garmin_gps
[    9.512102][    T1] usbserial: USB Serial support registered for =
Garmin GPS usb/tty
[    9.512669][    T1] usbcore: registered new interface driver ipaq
[    9.513123][    T1] usbserial: USB Serial support registered for =
PocketPC PDA
[    9.513661][    T1] usbcore: registered new interface driver ipw
[    9.514149][    T1] usbserial: USB Serial support registered for =
IPWireless converter
[    9.514730][    T1] usbcore: registered new interface driver ir_usb
[    9.515193][    T1] usbserial: USB Serial support registered for IR =
Dongle
[    9.515707][    T1] usbcore: registered new interface driver =
iuu_phoenix
[    9.516212][    T1] usbserial: USB Serial support registered for =
iuu_phoenix
[    9.516731][    T1] usbcore: registered new interface driver keyspan
[    9.517201][    T1] usbserial: USB Serial support registered for =
Keyspan - (without firmware)
[    9.517812][    T1] usbserial: USB Serial support registered for =
Keyspan 1 port adapter
[    9.518398][    T1] usbserial: USB Serial support registered for =
Keyspan 2 port adapter
[    9.518976][    T1] usbserial: USB Serial support registered for =
Keyspan 4 port adapter
[    9.519569][    T1] usbcore: registered new interface driver =
keyspan_pda
[    9.520074][    T1] usbserial: USB Serial support registered for =
Keyspan PDA
[    9.520603][    T1] usbserial: USB Serial support registered for =
Keyspan PDA - (prerenumeration)
[    9.521240][    T1] usbcore: registered new interface driver =
kl5kusb105
[    9.521725][    T1] usbserial: USB Serial support registered for =
KL5KUSB105D / PalmConnect
[    9.522329][    T1] usbcore: registered new interface driver =
kobil_sct
[    9.522812][    T1] usbserial: USB Serial support registered for =
KOBIL USB smart card terminal
[    9.523447][    T1] usbcore: registered new interface driver mct_u232
[    9.523934][    T1] usbserial: USB Serial support registered for MCT =
U232
[    9.524458][    T1] usbcore: registered new interface driver =
metro_usb
[    9.524955][    T1] usbserial: USB Serial support registered for =
Metrologic USB to Serial
[    9.525563][    T1] usbcore: registered new interface driver mos7720
[    9.526036][    T1] usbserial: USB Serial support registered for =
Moschip 2 port adapter
[    9.526619][    T1] usbcore: registered new interface driver mos7840
[    9.527101][    T1] usbserial: USB Serial support registered for =
Moschip 7840/7820 USB Serial Driver
[    9.527765][    T1] usbcore: registered new interface driver mxuport
[    9.528243][    T1] usbserial: USB Serial support registered for MOXA =
UPort
[    9.528775][    T1] usbcore: registered new interface driver navman
[    9.529250][    T1] usbserial: USB Serial support registered for =
navman
[    9.529745][    T1] usbcore: registered new interface driver omninet
[    9.530222][    T1] usbserial: USB Serial support registered for =
ZyXEL - omni.net usb
[    9.530809][    T1] usbcore: registered new interface driver opticon
[    9.531298][    T1] usbserial: USB Serial support registered for =
opticon
[    9.531807][    T1] usbcore: registered new interface driver option
[    9.532280][    T1] usbserial: USB Serial support registered for GSM =
modem (1-port)
[    9.532857][    T1] usbcore: registered new interface driver oti6858
[    9.533340][    T1] usbserial: USB Serial support registered for =
oti6858
[    9.533853][    T1] usbcore: registered new interface driver pl2303
[    9.534382][    T1] usbserial: USB Serial support registered for =
pl2303
[    9.534896][    T1] usbcore: registered new interface driver qcaux
[    9.535374][    T1] usbserial: USB Serial support registered for =
qcaux
[    9.535880][    T1] usbcore: registered new interface driver qcserial
[    9.536363][    T1] usbserial: USB Serial support registered for =
Qualcomm USB modem
[    9.536943][    T1] usbcore: registered new interface driver quatech2
[    9.537433][    T1] usbserial: USB Serial support registered for =
Quatech 2nd gen USB to Serial Driver
[    9.538116][    T1] usbcore: registered new interface driver =
safe_serial
[    9.538620][    T1] usbserial: USB Serial support registered for =
safe_serial
[    9.539150][    T1] usbcore: registered new interface driver sierra
[    9.539629][    T1] usbserial: USB Serial support registered for =
Sierra USB modem
[    9.540190][    T1] usbcore: registered new interface driver =
usb_serial_simple
[    9.540725][    T1] usbserial: USB Serial support registered for =
carelink
[    9.541242][    T1] usbserial: USB Serial support registered for zio
[    9.541730][    T1] usbserial: USB Serial support registered for =
funsoft
[    9.542234][    T1] usbserial: USB Serial support registered for =
flashloader
[    9.542763][    T1] usbserial: USB Serial support registered for =
google
[    9.543259][    T1] usbserial: USB Serial support registered for =
libtransistor
[    9.543799][    T1] usbserial: USB Serial support registered for =
vivopay
[    9.544314][    T1] usbserial: USB Serial support registered for =
moto_modem
[    9.544835][    T1] usbserial: USB Serial support registered for =
motorola_tetra
[    9.545371][    T1] usbserial: USB Serial support registered for =
nokia
[    9.545867][    T1] usbserial: USB Serial support registered for =
novatel_gps
[    9.546390][    T1] usbserial: USB Serial support registered for hp4x
[    9.546875][    T1] usbserial: USB Serial support registered for =
suunto
[    9.547372][    T1] usbserial: USB Serial support registered for =
siemens_mpi
[    9.547906][    T1] usbcore: registered new interface driver spcp8x5
[    9.548388][    T1] usbserial: USB Serial support registered for =
SPCP8x5
[    9.548899][    T1] usbcore: registered new interface driver ssu100
[    9.549366][    T1] usbserial: USB Serial support registered for =
Quatech SSU-100 USB to Serial Driver
[    9.550041][    T1] usbcore: registered new interface driver =
symbolserial
[    9.550548][    T1] usbserial: USB Serial support registered for =
symbol
[    9.551044][    T1] usbcore: registered new interface driver =
ti_usb_3410_5052
[    9.551574][    T1] usbserial: USB Serial support registered for TI =
USB 3410 1 port adapter
[    9.552189][    T1] usbserial: USB Serial support registered for TI =
USB 5052 2 port adapter
[    9.552818][    T1] usbcore: registered new interface driver =
upd78f0730
[    9.553309][    T1] usbserial: USB Serial support registered for =
upd78f0730
[    9.553831][    T1] usbcore: registered new interface driver visor
[    9.554321][    T1] usbserial: USB Serial support registered for =
Handspring Visor / Palm OS
[    9.554928][    T1] usbserial: USB Serial support registered for Sony =
Clie 5.0
[    9.555462][    T1] usbserial: USB Serial support registered for Sony =
Clie 3.5
[    9.556021][    T1] usbcore: registered new interface driver =
wishbone_serial
[    9.556574][    T1] usbserial: USB Serial support registered for =
wishbone_serial
[    9.557131][    T1] usbcore: registered new interface driver =
whiteheat
[    9.557627][    T1] usbserial: USB Serial support registered for =
Connect Tech - WhiteHEAT - (prerenumeration)
[    9.558349][    T1] usbserial: USB Serial support registered for =
Connect Tech - WhiteHEAT
[    9.558954][    T1] usbcore: registered new interface driver =
xr_serial
[    9.559447][    T1] usbserial: USB Serial support registered for =
xr_serial
[    9.559965][    T1] usbcore: registered new interface driver xsens_mt
[    9.560448][    T1] usbserial: USB Serial support registered for =
xsens_mt
[    9.560969][    T1] usbcore: registered new interface driver adutux
[    9.561452][    T1] usbcore: registered new interface driver =
appledisplay
[    9.561967][    T1] usbcore: registered new interface driver =
cypress_cy7c63
[    9.562499][    T1] usbcore: registered new interface driver cytherm
[    9.562989][    T1] usbcore: registered new interface driver emi26 - =
firmware loader
[    9.563568][    T1] usbcore: registered new interface driver emi62 - =
firmware loader
[    9.564171][    T1] usbcore: registered new interface driver idmouse
[    9.564656][    T1] usbcore: registered new interface driver =
iowarrior
[    9.565178][    T1] usbcore: registered new interface driver =
isight_firmware
[    9.565731][    T1] usbcore: registered new interface driver usblcd
[    9.566208][    T1] usbcore: registered new interface driver ldusb
[    9.566683][    T1] usbcore: registered new interface driver =
legousbtower
[    9.567206][    T1] usbcore: registered new interface driver usbtest
[    9.567694][    T1] usbcore: registered new interface driver =
usb_ehset_test
[    9.568230][    T1] usbcore: registered new interface driver =
trancevibrator
[    9.568778][    T1] usbcore: registered new interface driver uss720
[    9.569217][    T1] uss720: USB Parport Cable driver for Cables using =
the Lucent Technologies USS720 Chip
[    9.569872][    T1] uss720: NOTE: this is a special purpose driver to =
allow nonstandard
[    9.570424][    T1] uss720: protocols (eg. bitbang) over USS720 usb =
to parallel cables
[    9.570969][    T1] uss720: If you just want to connect to a printer, =
use usblp instead
[    9.571573][    T1] usbcore: registered new interface driver =
usbsevseg
[    9.572070][    T1] usbcore: registered new interface driver yurex
[    9.572705][    T1] usbcore: registered new interface driver chaoskey
[    9.573204][    T1] usbcore: registered new interface driver sisusb
[    9.573686][    T1] usbcore: registered new interface driver lvs
[    9.574194][    T1] usbcore: registered new interface driver cxacru
[    9.574677][    T1] usbcore: registered new interface driver speedtch
[    9.575176][    T1] usbcore: registered new interface driver =
ueagle-atm
[    9.575639][    T1] xusbatm: malformed module parameters
[    9.576484][    T1] dummy_hcd dummy_hcd.0: USB Host+Gadget Emulator, =
driver 02 May 2005
[    9.577064][    T1] dummy_hcd dummy_hcd.0: Dummy host controller
[    9.577944][    T1] dummy_hcd dummy_hcd.0: new USB bus registered, =
assigned bus number 1
[    9.578941][    T1] usb usb1: New USB device found, idVendor=3D1d6b, =
idProduct=3D0002, bcdDevice=3D 6.04
[    9.579594][    T1] usb usb1: New USB device strings: Mfr=3D3, =
Product=3D2, SerialNumber=3D1
[    9.580149][    T1] usb usb1: Product: Dummy host controller
[    9.580551][    T1] usb usb1: Manufacturer: Linux =
6.4.0-rc6-00195-g40f71e7cd3c6 dummy_hcd
[    9.581122][    T1] usb usb1: SerialNumber: dummy_hcd.0
[    9.582647][    T1] hub 1-0:1.0: USB hub found
[    9.583075][    T1] hub 1-0:1.0: 1 port detected
[    9.584963][    T1] dummy_hcd dummy_hcd.1: USB Host+Gadget Emulator, =
driver 02 May 2005
[    9.585538][    T1] dummy_hcd dummy_hcd.1: Dummy host controller
[    9.586177][    T1] dummy_hcd dummy_hcd.1: new USB bus registered, =
assigned bus number 2
[    9.586954][    T1] usb usb2: New USB device found, idVendor=3D1d6b, =
idProduct=3D0002, bcdDevice=3D 6.04
[    9.587580][    T1] usb usb2: New USB device strings: Mfr=3D3, =
Product=3D2, SerialNumber=3D1
[    9.588132][    T1] usb usb2: Product: Dummy host controller
[    9.588531][    T1] usb usb2: Manufacturer: Linux =
6.4.0-rc6-00195-g40f71e7cd3c6 dummy_hcd
[    9.589095][    T1] usb usb2: SerialNumber: dummy_hcd.1
[    9.590159][    T1] hub 2-0:1.0: USB hub found
[    9.590527][    T1] hub 2-0:1.0: 1 port detected
[    9.591556][    T1] dummy_hcd dummy_hcd.2: USB Host+Gadget Emulator, =
driver 02 May 2005
[    9.592122][    T1] dummy_hcd dummy_hcd.2: Dummy host controller
[    9.592782][    T1] dummy_hcd dummy_hcd.2: new USB bus registered, =
assigned bus number 3
[    9.593567][    T1] usb usb3: New USB device found, idVendor=3D1d6b, =
idProduct=3D0002, bcdDevice=3D 6.04
[    9.594223][    T1] usb usb3: New USB device strings: Mfr=3D3, =
Product=3D2, SerialNumber=3D1
[    9.594782][    T1] usb usb3: Product: Dummy host controller
[    9.595180][    T1] usb usb3: Manufacturer: Linux =
6.4.0-rc6-00195-g40f71e7cd3c6 dummy_hcd
[    9.595751][    T1] usb usb3: SerialNumber: dummy_hcd.2
[    9.596781][    T1] hub 3-0:1.0: USB hub found
[    9.597146][    T1] hub 3-0:1.0: 1 port detected
[    9.598147][    T1] dummy_hcd dummy_hcd.3: USB Host+Gadget Emulator, =
driver 02 May 2005
[    9.598719][    T1] dummy_hcd dummy_hcd.3: Dummy host controller
[    9.599374][    T1] dummy_hcd dummy_hcd.3: new USB bus registered, =
assigned bus number 4
[    9.600150][    T1] usb usb4: New USB device found, idVendor=3D1d6b, =
idProduct=3D0002, bcdDevice=3D 6.04
[    9.600783][    T1] usb usb4: New USB device strings: Mfr=3D3, =
Product=3D2, SerialNumber=3D1
[    9.601331][    T1] usb usb4: Product: Dummy host controller
[    9.601728][    T1] usb usb4: Manufacturer: Linux =
6.4.0-rc6-00195-g40f71e7cd3c6 dummy_hcd
[    9.602299][    T1] usb usb4: SerialNumber: dummy_hcd.3
[    9.603338][    T1] hub 4-0:1.0: USB hub found
[    9.603732][    T1] hub 4-0:1.0: 1 port detected
[    9.604770][    T1] dummy_hcd dummy_hcd.4: USB Host+Gadget Emulator, =
driver 02 May 2005
[    9.605346][    T1] dummy_hcd dummy_hcd.4: Dummy host controller
[    9.606012][    T1] dummy_hcd dummy_hcd.4: new USB bus registered, =
assigned bus number 5
[    9.606791][    T1] usb usb5: New USB device found, idVendor=3D1d6b, =
idProduct=3D0002, bcdDevice=3D 6.04
[    9.607415][    T1] usb usb5: New USB device strings: Mfr=3D3, =
Product=3D2, SerialNumber=3D1
[    9.607971][    T1] usb usb5: Product: Dummy host controller
[    9.608367][    T1] usb usb5: Manufacturer: Linux =
6.4.0-rc6-00195-g40f71e7cd3c6 dummy_hcd
[    9.608946][    T1] usb usb5: SerialNumber: dummy_hcd.4
[    9.610032][    T1] hub 5-0:1.0: USB hub found
[    9.610399][    T1] hub 5-0:1.0: 1 port detected
[    9.611386][    T1] dummy_hcd dummy_hcd.5: USB Host+Gadget Emulator, =
driver 02 May 2005
[    9.611969][    T1] dummy_hcd dummy_hcd.5: Dummy host controller
[    9.612644][    T1] dummy_hcd dummy_hcd.5: new USB bus registered, =
assigned bus number 6
[    9.613430][    T1] usb usb6: New USB device found, idVendor=3D1d6b, =
idProduct=3D0002, bcdDevice=3D 6.04
[    9.614083][    T1] usb usb6: New USB device strings: Mfr=3D3, =
Product=3D2, SerialNumber=3D1
[    9.614644][    T1] usb usb6: Product: Dummy host controller
[    9.615047][    T1] usb usb6: Manufacturer: Linux =
6.4.0-rc6-00195-g40f71e7cd3c6 dummy_hcd
[    9.615613][    T1] usb usb6: SerialNumber: dummy_hcd.5
[    9.616647][    T1] hub 6-0:1.0: USB hub found
[    9.617023][    T1] hub 6-0:1.0: 1 port detected
[    9.618047][    T1] dummy_hcd dummy_hcd.6: USB Host+Gadget Emulator, =
driver 02 May 2005
[    9.618621][    T1] dummy_hcd dummy_hcd.6: Dummy host controller
[    9.619289][    T1] dummy_hcd dummy_hcd.6: new USB bus registered, =
assigned bus number 7
[    9.620066][    T1] usb usb7: New USB device found, idVendor=3D1d6b, =
idProduct=3D0002, bcdDevice=3D 6.04
[    9.620696][    T1] usb usb7: New USB device strings: Mfr=3D3, =
Product=3D2, SerialNumber=3D1
[    9.621251][    T1] usb usb7: Product: Dummy host controller
[    9.621648][    T1] usb usb7: Manufacturer: Linux =
6.4.0-rc6-00195-g40f71e7cd3c6 dummy_hcd
[    9.622216][    T1] usb usb7: SerialNumber: dummy_hcd.6
[    9.623254][    T1] hub 7-0:1.0: USB hub found
[    9.623618][    T1] hub 7-0:1.0: 1 port detected
[    9.624656][    T1] dummy_hcd dummy_hcd.7: USB Host+Gadget Emulator, =
driver 02 May 2005
[    9.625236][    T1] dummy_hcd dummy_hcd.7: Dummy host controller
[    9.625897][    T1] dummy_hcd dummy_hcd.7: new USB bus registered, =
assigned bus number 8
[    9.626677][    T1] usb usb8: New USB device found, idVendor=3D1d6b, =
idProduct=3D0002, bcdDevice=3D 6.04
[    9.627307][    T1] usb usb8: New USB device strings: Mfr=3D3, =
Product=3D2, SerialNumber=3D1
[    9.627856][    T1] usb usb8: Product: Dummy host controller
[    9.628256][    T1] usb usb8: Manufacturer: Linux =
6.4.0-rc6-00195-g40f71e7cd3c6 dummy_hcd
[    9.628841][    T1] usb usb8: SerialNumber: dummy_hcd.7
[    9.629876][    T1] hub 8-0:1.0: USB hub found
[    9.630245][    T1] hub 8-0:1.0: 1 port detected
[    9.634801][    T1] gadgetfs: USB Gadget filesystem, version 24 Aug =
2004
[    9.635875][    T1] vhci_hcd vhci_hcd.0: USB/IP Virtual Host =
Controller
[    9.636602][    T1] vhci_hcd vhci_hcd.0: new USB bus registered, =
assigned bus number 9
[    9.637292][    T1] vhci_hcd: created sysfs vhci_hcd.0
[    9.637882][    T1] usb usb9: New USB device found, idVendor=3D1d6b, =
idProduct=3D0002, bcdDevice=3D 6.04
[    9.638515][    T1] usb usb9: New USB device strings: Mfr=3D3, =
Product=3D2, SerialNumber=3D1
[    9.639066][    T1] usb usb9: Product: USB/IP Virtual Host Controller
[    9.639510][    T1] usb usb9: Manufacturer: Linux =
6.4.0-rc6-00195-g40f71e7cd3c6 vhci_hcd
[    9.640070][    T1] usb usb9: SerialNumber: vhci_hcd.0
[    9.641138][    T1] hub 9-0:1.0: USB hub found
[    9.641532][    T1] hub 9-0:1.0: 8 ports detected
[    9.643654][    T1] vhci_hcd vhci_hcd.0: USB/IP Virtual Host =
Controller
[    9.644416][    T1] vhci_hcd vhci_hcd.0: new USB bus registered, =
assigned bus number 10
[    9.645095][    T1] usb usb10: We don't know the algorithms for LPM =
for this host, disabling LPM.
[    9.645897][    T1] usb usb10: New USB device found, idVendor=3D1d6b, =
idProduct=3D0003, bcdDevice=3D 6.04
[    9.646533][    T1] usb usb10: New USB device strings: Mfr=3D3, =
Product=3D2, SerialNumber=3D1
[    9.647090][    T1] usb usb10: Product: USB/IP Virtual Host =
Controller
[    9.647544][    T1] usb usb10: Manufacturer: Linux =
6.4.0-rc6-00195-g40f71e7cd3c6 vhci_hcd
[    9.648107][    T1] usb usb10: SerialNumber: vhci_hcd.0
[    9.649170][    T1] hub 10-0:1.0: USB hub found
[    9.649540][    T1] hub 10-0:1.0: 8 ports detected
[    9.652077][    T1] vhci_hcd vhci_hcd.1: USB/IP Virtual Host =
Controller
[    9.652779][    T1] vhci_hcd vhci_hcd.1: new USB bus registered, =
assigned bus number 11
[    9.653540][    T1] usb usb11: New USB device found, idVendor=3D1d6b, =
idProduct=3D0002, bcdDevice=3D 6.04
[    9.654201][    T1] usb usb11: New USB device strings: Mfr=3D3, =
Product=3D2, SerialNumber=3D1
[    9.654761][    T1] usb usb11: Product: USB/IP Virtual Host =
Controller
[    9.655221][    T1] usb usb11: Manufacturer: Linux =
6.4.0-rc6-00195-g40f71e7cd3c6 vhci_hcd
[    9.655780][    T1] usb usb11: SerialNumber: vhci_hcd.1
[    9.656813][    T1] hub 11-0:1.0: USB hub found
[    9.657185][    T1] hub 11-0:1.0: 8 ports detected
[    9.659258][    T1] vhci_hcd vhci_hcd.1: USB/IP Virtual Host =
Controller
[    9.659957][    T1] vhci_hcd vhci_hcd.1: new USB bus registered, =
assigned bus number 12
[    9.660611][    T1] usb usb12: We don't know the algorithms for LPM =
for this host, disabling LPM.
[    9.661392][    T1] usb usb12: New USB device found, idVendor=3D1d6b, =
idProduct=3D0003, bcdDevice=3D 6.04
[    9.662028][    T1] usb usb12: New USB device strings: Mfr=3D3, =
Product=3D2, SerialNumber=3D1
[    9.662590][    T1] usb usb12: Product: USB/IP Virtual Host =
Controller
[    9.663046][    T1] usb usb12: Manufacturer: Linux =
6.4.0-rc6-00195-g40f71e7cd3c6 vhci_hcd
[    9.663613][    T1] usb usb12: SerialNumber: vhci_hcd.1
[    9.664668][    T1] hub 12-0:1.0: USB hub found
[    9.665042][    T1] hub 12-0:1.0: 8 ports detected
[    9.667537][    T1] vhci_hcd vhci_hcd.2: USB/IP Virtual Host =
Controller
[    9.668223][    T1] vhci_hcd vhci_hcd.2: new USB bus registered, =
assigned bus number 13
[    9.668993][    T1] usb usb13: New USB device found, idVendor=3D1d6b, =
idProduct=3D0002, bcdDevice=3D 6.04
[    9.669632][    T1] usb usb13: New USB device strings: Mfr=3D3, =
Product=3D2, SerialNumber=3D1
[    9.670192][    T1] usb usb13: Product: USB/IP Virtual Host =
Controller
[    9.670647][    T1] usb usb13: Manufacturer: Linux =
6.4.0-rc6-00195-g40f71e7cd3c6 vhci_hcd
[    9.671212][    T1] usb usb13: SerialNumber: vhci_hcd.2
[    9.672249][    T1] hub 13-0:1.0: USB hub found
[    9.672626][    T1] hub 13-0:1.0: 8 ports detected
[    9.674697][    T1] vhci_hcd vhci_hcd.2: USB/IP Virtual Host =
Controller
[    9.675393][    T1] vhci_hcd vhci_hcd.2: new USB bus registered, =
assigned bus number 14
[    9.676040][    T1] usb usb14: We don't know the algorithms for LPM =
for this host, disabling LPM.
[    9.676818][    T1] usb usb14: New USB device found, idVendor=3D1d6b, =
idProduct=3D0003, bcdDevice=3D 6.04
[    9.677454][    T1] usb usb14: New USB device strings: Mfr=3D3, =
Product=3D2, SerialNumber=3D1
[    9.678011][    T1] usb usb14: Product: USB/IP Virtual Host =
Controller
[    9.678461][    T1] usb usb14: Manufacturer: Linux =
6.4.0-rc6-00195-g40f71e7cd3c6 vhci_hcd
[    9.679034][    T1] usb usb14: SerialNumber: vhci_hcd.2
[    9.680067][    T1] hub 14-0:1.0: USB hub found
[    9.680441][    T1] hub 14-0:1.0: 8 ports detected
[    9.682964][    T1] vhci_hcd vhci_hcd.3: USB/IP Virtual Host =
Controller
[    9.683708][    T1] vhci_hcd vhci_hcd.3: new USB bus registered, =
assigned bus number 15
[    9.684498][    T1] usb usb15: New USB device found, idVendor=3D1d6b, =
idProduct=3D0002, bcdDevice=3D 6.04
[    9.685136][    T1] usb usb15: New USB device strings: Mfr=3D3, =
Product=3D2, SerialNumber=3D1
[    9.685689][    T1] usb usb15: Product: USB/IP Virtual Host =
Controller
[    9.686151][    T1] usb usb15: Manufacturer: Linux =
6.4.0-rc6-00195-g40f71e7cd3c6 vhci_hcd
[    9.686727][    T1] usb usb15: SerialNumber: vhci_hcd.3
[    9.687749][    T1] hub 15-0:1.0: USB hub found
[    9.688120][    T1] hub 15-0:1.0: 8 ports detected
[    9.690192][    T1] vhci_hcd vhci_hcd.3: USB/IP Virtual Host =
Controller
[    9.690891][    T1] vhci_hcd vhci_hcd.3: new USB bus registered, =
assigned bus number 16
[    9.691530][    T1] usb usb16: We don't know the algorithms for LPM =
for this host, disabling LPM.
[    9.692308][    T1] usb usb16: New USB device found, idVendor=3D1d6b, =
idProduct=3D0003, bcdDevice=3D 6.04
[    9.692949][    T1] usb usb16: New USB device strings: Mfr=3D3, =
Product=3D2, SerialNumber=3D1
[    9.693506][    T1] usb usb16: Product: USB/IP Virtual Host =
Controller
[    9.693965][    T1] usb usb16: Manufacturer: Linux =
6.4.0-rc6-00195-g40f71e7cd3c6 vhci_hcd
[    9.694555][    T1] usb usb16: SerialNumber: vhci_hcd.3
[    9.695583][    T1] hub 16-0:1.0: USB hub found
[    9.695963][    T1] hub 16-0:1.0: 8 ports detected
[    9.698480][    T1] vhci_hcd vhci_hcd.4: USB/IP Virtual Host =
Controller
[    9.699177][    T1] vhci_hcd vhci_hcd.4: new USB bus registered, =
assigned bus number 17
[    9.699937][    T1] usb usb17: New USB device found, idVendor=3D1d6b, =
idProduct=3D0002, bcdDevice=3D 6.04
[    9.700579][    T1] usb usb17: New USB device strings: Mfr=3D3, =
Product=3D2, SerialNumber=3D1
[    9.701138][    T1] usb usb17: Product: USB/IP Virtual Host =
Controller
[    9.701593][    T1] usb usb17: Manufacturer: Linux =
6.4.0-rc6-00195-g40f71e7cd3c6 vhci_hcd
[    9.702156][    T1] usb usb17: SerialNumber: vhci_hcd.4
[    9.703178][    T1] hub 17-0:1.0: USB hub found
[    9.703549][    T1] hub 17-0:1.0: 8 ports detected
[    9.705652][    T1] vhci_hcd vhci_hcd.4: USB/IP Virtual Host =
Controller
[    9.706353][    T1] vhci_hcd vhci_hcd.4: new USB bus registered, =
assigned bus number 18
[    9.707000][    T1] usb usb18: We don't know the algorithms for LPM =
for this host, disabling LPM.
[    9.707795][    T1] usb usb18: New USB device found, idVendor=3D1d6b, =
idProduct=3D0003, bcdDevice=3D 6.04
[    9.708423][    T1] usb usb18: New USB device strings: Mfr=3D3, =
Product=3D2, SerialNumber=3D1
[    9.708984][    T1] usb usb18: Product: USB/IP Virtual Host =
Controller
[    9.709441][    T1] usb usb18: Manufacturer: Linux =
6.4.0-rc6-00195-g40f71e7cd3c6 vhci_hcd
[    9.710011][    T1] usb usb18: SerialNumber: vhci_hcd.4
[    9.711164][    T1] hub 18-0:1.0: USB hub found
[    9.711535][    T1] hub 18-0:1.0: 8 ports detected
[    9.714015][    T1] vhci_hcd vhci_hcd.5: USB/IP Virtual Host =
Controller
[    9.714764][    T1] vhci_hcd vhci_hcd.5: new USB bus registered, =
assigned bus number 19
[    9.715528][    T1] usb usb19: New USB device found, idVendor=3D1d6b, =
idProduct=3D0002, bcdDevice=3D 6.04
[    9.716163][    T1] usb usb19: New USB device strings: Mfr=3D3, =
Product=3D2, SerialNumber=3D1
[    9.716732][    T1] usb usb19: Product: USB/IP Virtual Host =
Controller
[    9.717185][    T1] usb usb19: Manufacturer: Linux =
6.4.0-rc6-00195-g40f71e7cd3c6 vhci_hcd
[    9.717752][    T1] usb usb19: SerialNumber: vhci_hcd.5
[    9.718784][    T1] hub 19-0:1.0: USB hub found
[    9.719159][    T1] hub 19-0:1.0: 8 ports detected
[    9.721244][    T1] vhci_hcd vhci_hcd.5: USB/IP Virtual Host =
Controller
[    9.721936][    T1] vhci_hcd vhci_hcd.5: new USB bus registered, =
assigned bus number 20
[    9.722604][    T1] usb usb20: We don't know the algorithms for LPM =
for this host, disabling LPM.
[    9.723386][    T1] usb usb20: New USB device found, idVendor=3D1d6b, =
idProduct=3D0003, bcdDevice=3D 6.04
[    9.724039][    T1] usb usb20: New USB device strings: Mfr=3D3, =
Product=3D2, SerialNumber=3D1
[    9.724598][    T1] usb usb20: Product: USB/IP Virtual Host =
Controller
[    9.725057][    T1] usb usb20: Manufacturer: Linux =
6.4.0-rc6-00195-g40f71e7cd3c6 vhci_hcd
[    9.725624][    T1] usb usb20: SerialNumber: vhci_hcd.5
[    9.726665][    T1] hub 20-0:1.0: USB hub found
[    9.727041][    T1] hub 20-0:1.0: 8 ports detected
[    9.729537][    T1] vhci_hcd vhci_hcd.6: USB/IP Virtual Host =
Controller
[    9.730230][    T1] vhci_hcd vhci_hcd.6: new USB bus registered, =
assigned bus number 21
[    9.731005][    T1] usb usb21: New USB device found, idVendor=3D1d6b, =
idProduct=3D0002, bcdDevice=3D 6.04
[    9.731639][    T1] usb usb21: New USB device strings: Mfr=3D3, =
Product=3D2, SerialNumber=3D1
[    9.732198][    T1] usb usb21: Product: USB/IP Virtual Host =
Controller
[    9.732656][    T1] usb usb21: Manufacturer: Linux =
6.4.0-rc6-00195-g40f71e7cd3c6 vhci_hcd
[    9.733227][    T1] usb usb21: SerialNumber: vhci_hcd.6
[    9.734275][    T1] hub 21-0:1.0: USB hub found
[    9.734649][    T1] hub 21-0:1.0: 8 ports detected
[    9.736698][    T1] vhci_hcd vhci_hcd.6: USB/IP Virtual Host =
Controller
[    9.737393][    T1] vhci_hcd vhci_hcd.6: new USB bus registered, =
assigned bus number 22
[    9.738040][    T1] usb usb22: We don't know the algorithms for LPM =
for this host, disabling LPM.
[    9.738836][    T1] usb usb22: New USB device found, idVendor=3D1d6b, =
idProduct=3D0003, bcdDevice=3D 6.04
[    9.739463][    T1] usb usb22: New USB device strings: Mfr=3D3, =
Product=3D2, SerialNumber=3D1
[    9.740021][    T1] usb usb22: Product: USB/IP Virtual Host =
Controller
[    9.740475][    T1] usb usb22: Manufacturer: Linux =
6.4.0-rc6-00195-g40f71e7cd3c6 vhci_hcd
[    9.741049][    T1] usb usb22: SerialNumber: vhci_hcd.6
[    9.742072][    T1] hub 22-0:1.0: USB hub found
[    9.742441][    T1] hub 22-0:1.0: 8 ports detected
[    9.744990][    T1] vhci_hcd vhci_hcd.7: USB/IP Virtual Host =
Controller
[    9.745700][    T1] vhci_hcd vhci_hcd.7: new USB bus registered, =
assigned bus number 23
[    9.746455][    T1] usb usb23: New USB device found, idVendor=3D1d6b, =
idProduct=3D0002, bcdDevice=3D 6.04
[    9.747096][    T1] usb usb23: New USB device strings: Mfr=3D3, =
Product=3D2, SerialNumber=3D1
[    9.747650][    T1] usb usb23: Product: USB/IP Virtual Host =
Controller
[    9.748109][    T1] usb usb23: Manufacturer: Linux =
6.4.0-rc6-00195-g40f71e7cd3c6 vhci_hcd
[    9.748676][    T1] usb usb23: SerialNumber: vhci_hcd.7
[    9.749701][    T1] hub 23-0:1.0: USB hub found
[    9.750073][    T1] hub 23-0:1.0: 8 ports detected
[    9.752118][    T1] vhci_hcd vhci_hcd.7: USB/IP Virtual Host =
Controller
[    9.752807][    T1] vhci_hcd vhci_hcd.7: new USB bus registered, =
assigned bus number 24
[    9.753456][    T1] usb usb24: We don't know the algorithms for LPM =
for this host, disabling LPM.
[    9.754287][    T1] usb usb24: New USB device found, idVendor=3D1d6b, =
idProduct=3D0003, bcdDevice=3D 6.04
[    9.754927][    T1] usb usb24: New USB device strings: Mfr=3D3, =
Product=3D2, SerialNumber=3D1
[    9.755492][    T1] usb usb24: Product: USB/IP Virtual Host =
Controller
[    9.755960][    T1] usb usb24: Manufacturer: Linux =
6.4.0-rc6-00195-g40f71e7cd3c6 vhci_hcd
[    9.756532][    T1] usb usb24: SerialNumber: vhci_hcd.7
[    9.757568][    T1] hub 24-0:1.0: USB hub found
[    9.757950][    T1] hub 24-0:1.0: 8 ports detected
[    9.760443][    T1] vhci_hcd vhci_hcd.8: USB/IP Virtual Host =
Controller
[    9.761149][    T1] vhci_hcd vhci_hcd.8: new USB bus registered, =
assigned bus number 25
[    9.761911][    T1] usb usb25: New USB device found, idVendor=3D1d6b, =
idProduct=3D0002, bcdDevice=3D 6.04
[    9.762549][    T1] usb usb25: New USB device strings: Mfr=3D3, =
Product=3D2, SerialNumber=3D1
[    9.763099][    T1] usb usb25: Product: USB/IP Virtual Host =
Controller
[    9.763553][    T1] usb usb25: Manufacturer: Linux =
6.4.0-rc6-00195-g40f71e7cd3c6 vhci_hcd
[    9.764140][    T1] usb usb25: SerialNumber: vhci_hcd.8
[    9.765193][    T1] hub 25-0:1.0: USB hub found
[    9.765564][    T1] hub 25-0:1.0: 8 ports detected
[    9.767611][    T1] vhci_hcd vhci_hcd.8: USB/IP Virtual Host =
Controller
[    9.768307][    T1] vhci_hcd vhci_hcd.8: new USB bus registered, =
assigned bus number 26
[    9.768962][    T1] usb usb26: We don't know the algorithms for LPM =
for this host, disabling LPM.
[    9.769735][    T1] usb usb26: New USB device found, idVendor=3D1d6b, =
idProduct=3D0003, bcdDevice=3D 6.04
[    9.770372][    T1] usb usb26: New USB device strings: Mfr=3D3, =
Product=3D2, SerialNumber=3D1
[    9.770931][    T1] usb usb26: Product: USB/IP Virtual Host =
Controller
[    9.771385][    T1] usb usb26: Manufacturer: Linux =
6.4.0-rc6-00195-g40f71e7cd3c6 vhci_hcd
[    9.771952][    T1] usb usb26: SerialNumber: vhci_hcd.8
[    9.772985][    T1] hub 26-0:1.0: USB hub found
[    9.773361][    T1] hub 26-0:1.0: 8 ports detected
[    9.775866][    T1] vhci_hcd vhci_hcd.9: USB/IP Virtual Host =
Controller
[    9.776565][    T1] vhci_hcd vhci_hcd.9: new USB bus registered, =
assigned bus number 27
[    9.777344][    T1] usb usb27: New USB device found, idVendor=3D1d6b, =
idProduct=3D0002, bcdDevice=3D 6.04
[    9.777980][    T1] usb usb27: New USB device strings: Mfr=3D3, =
Product=3D2, SerialNumber=3D1
[    9.778541][    T1] usb usb27: Product: USB/IP Virtual Host =
Controller
[    9.778997][    T1] usb usb27: Manufacturer: Linux =
6.4.0-rc6-00195-g40f71e7cd3c6 vhci_hcd
[    9.779567][    T1] usb usb27: SerialNumber: vhci_hcd.9
[    9.780734][    T1] hub 27-0:1.0: USB hub found
[    9.781107][    T1] hub 27-0:1.0: 8 ports detected
[    9.783149][    T1] vhci_hcd vhci_hcd.9: USB/IP Virtual Host =
Controller
[    9.783843][    T1] vhci_hcd vhci_hcd.9: new USB bus registered, =
assigned bus number 28
[    9.784533][    T1] usb usb28: We don't know the algorithms for LPM =
for this host, disabling LPM.
[    9.785310][    T1] usb usb28: New USB device found, idVendor=3D1d6b, =
idProduct=3D0003, bcdDevice=3D 6.04
[    9.785946][    T1] usb usb28: New USB device strings: Mfr=3D3, =
Product=3D2, SerialNumber=3D1
[    9.786511][    T1] usb usb28: Product: USB/IP Virtual Host =
Controller
[    9.786968][    T1] usb usb28: Manufacturer: Linux =
6.4.0-rc6-00195-g40f71e7cd3c6 vhci_hcd
[    9.787537][    T1] usb usb28: SerialNumber: vhci_hcd.9
[    9.788579][    T1] hub 28-0:1.0: USB hub found
[    9.788953][    T1] hub 28-0:1.0: 8 ports detected
[    9.791479][    T1] vhci_hcd vhci_hcd.10: USB/IP Virtual Host =
Controller
[    9.792194][    T1] vhci_hcd vhci_hcd.10: new USB bus registered, =
assigned bus number 29
[    9.792969][    T1] usb usb29: New USB device found, idVendor=3D1d6b, =
idProduct=3D0002, bcdDevice=3D 6.04
[    9.793611][    T1] usb usb29: New USB device strings: Mfr=3D3, =
Product=3D2, SerialNumber=3D1
[    9.794191][    T1] usb usb29: Product: USB/IP Virtual Host =
Controller
[    9.794653][    T1] usb usb29: Manufacturer: Linux =
6.4.0-rc6-00195-g40f71e7cd3c6 vhci_hcd
[    9.795221][    T1] usb usb29: SerialNumber: vhci_hcd.10
[    9.796256][    T1] hub 29-0:1.0: USB hub found
[    9.796625][    T1] hub 29-0:1.0: 8 ports detected
[    9.798675][    T1] vhci_hcd vhci_hcd.10: USB/IP Virtual Host =
Controller
[    9.799421][    T1] vhci_hcd vhci_hcd.10: new USB bus registered, =
assigned bus number 30
[    9.800068][    T1] usb usb30: We don't know the algorithms for LPM =
for this host, disabling LPM.
[    9.800864][    T1] usb usb30: New USB device found, idVendor=3D1d6b, =
idProduct=3D0003, bcdDevice=3D 6.04
[    9.801494][    T1] usb usb30: New USB device strings: Mfr=3D3, =
Product=3D2, SerialNumber=3D1
[    9.802053][    T1] usb usb30: Product: USB/IP Virtual Host =
Controller
[    9.802507][    T1] usb usb30: Manufacturer: Linux =
6.4.0-rc6-00195-g40f71e7cd3c6 vhci_hcd
[    9.803065][    T1] usb usb30: SerialNumber: vhci_hcd.10
[    9.804122][    T1] hub 30-0:1.0: USB hub found
[    9.804507][    T1] hub 30-0:1.0: 8 ports detected
[    9.807006][    T1] vhci_hcd vhci_hcd.11: USB/IP Virtual Host =
Controller
[    9.807712][    T1] vhci_hcd vhci_hcd.11: new USB bus registered, =
assigned bus number 31
[    9.808485][    T1] usb usb31: New USB device found, idVendor=3D1d6b, =
idProduct=3D0002, bcdDevice=3D 6.04
[    9.809128][    T1] usb usb31: New USB device strings: Mfr=3D3, =
Product=3D2, SerialNumber=3D1
[    9.809687][    T1] usb usb31: Product: USB/IP Virtual Host =
Controller
[    9.810140][    T1] usb usb31: Manufacturer: Linux =
6.4.0-rc6-00195-g40f71e7cd3c6 vhci_hcd
[    9.810705][    T1] usb usb31: SerialNumber: vhci_hcd.11
[    9.811742][    T1] hub 31-0:1.0: USB hub found
[    9.812112][    T1] hub 31-0:1.0: 8 ports detected
[    9.814198][    T1] vhci_hcd vhci_hcd.11: USB/IP Virtual Host =
Controller
[    9.814923][    T1] vhci_hcd vhci_hcd.11: new USB bus registered, =
assigned bus number 32
[    9.815577][    T1] usb usb32: We don't know the algorithms for LPM =
for this host, disabling LPM.
[    9.816354][    T1] usb usb32: New USB device found, idVendor=3D1d6b, =
idProduct=3D0003, bcdDevice=3D 6.04
[    9.816984][    T1] usb usb32: New USB device strings: Mfr=3D3, =
Product=3D2, SerialNumber=3D1
[    9.817540][    T1] usb usb32: Product: USB/IP Virtual Host =
Controller
[    9.817998][    T1] usb usb32: Manufacturer: Linux =
6.4.0-rc6-00195-g40f71e7cd3c6 vhci_hcd
[    9.818568][    T1] usb usb32: SerialNumber: vhci_hcd.11
[    9.819603][    T1] hub 32-0:1.0: USB hub found
[    9.819973][    T1] hub 32-0:1.0: 8 ports detected
[    9.822500][    T1] vhci_hcd vhci_hcd.12: USB/IP Virtual Host =
Controller
[    9.823201][    T1] vhci_hcd vhci_hcd.12: new USB bus registered, =
assigned bus number 33
[    9.823980][    T1] usb usb33: New USB device found, idVendor=3D1d6b, =
idProduct=3D0002, bcdDevice=3D 6.04
[    9.824641][    T1] usb usb33: New USB device strings: Mfr=3D3, =
Product=3D2, SerialNumber=3D1
[    9.825203][    T1] usb usb33: Product: USB/IP Virtual Host =
Controller
[    9.825655][    T1] usb usb33: Manufacturer: Linux =
6.4.0-rc6-00195-g40f71e7cd3c6 vhci_hcd
[    9.826227][    T1] usb usb33: SerialNumber: vhci_hcd.12
[    9.827260][    T1] hub 33-0:1.0: USB hub found
[    9.827633][    T1] hub 33-0:1.0: 8 ports detected
[    9.829686][    T1] vhci_hcd vhci_hcd.12: USB/IP Virtual Host =
Controller
[    9.830392][    T1] vhci_hcd vhci_hcd.12: new USB bus registered, =
assigned bus number 34
[    9.831046][    T1] usb usb34: We don't know the algorithms for LPM =
for this host, disabling LPM.
[    9.831828][    T1] usb usb34: New USB device found, idVendor=3D1d6b, =
idProduct=3D0003, bcdDevice=3D 6.04
[    9.832467][    T1] usb usb34: New USB device strings: Mfr=3D3, =
Product=3D2, SerialNumber=3D1
[    9.833037][    T1] usb usb34: Product: USB/IP Virtual Host =
Controller
[    9.833494][    T1] usb usb34: Manufacturer: Linux =
6.4.0-rc6-00195-g40f71e7cd3c6 vhci_hcd
[    9.834085][    T1] usb usb34: SerialNumber: vhci_hcd.12
[    9.835140][    T1] hub 34-0:1.0: USB hub found
[    9.835512][    T1] hub 34-0:1.0: 8 ports detected
[    9.838002][    T1] vhci_hcd vhci_hcd.13: USB/IP Virtual Host =
Controller
[    9.838700][    T1] vhci_hcd vhci_hcd.13: new USB bus registered, =
assigned bus number 35
[    9.839469][    T1] usb usb35: New USB device found, idVendor=3D1d6b, =
idProduct=3D0002, bcdDevice=3D 6.04
[    9.840106][    T1] usb usb35: New USB device strings: Mfr=3D3, =
Product=3D2, SerialNumber=3D1
[    9.840671][    T1] usb usb35: Product: USB/IP Virtual Host =
Controller
[    9.841131][    T1] usb usb35: Manufacturer: Linux =
6.4.0-rc6-00195-g40f71e7cd3c6 vhci_hcd
[    9.841703][    T1] usb usb35: SerialNumber: vhci_hcd.13
[    9.842759][    T1] hub 35-0:1.0: USB hub found
[    9.843132][    T1] hub 35-0:1.0: 8 ports detected
[    9.845206][    T1] vhci_hcd vhci_hcd.13: USB/IP Virtual Host =
Controller
[    9.845902][    T1] vhci_hcd vhci_hcd.13: new USB bus registered, =
assigned bus number 36
[    9.846560][    T1] usb usb36: We don't know the algorithms for LPM =
for this host, disabling LPM.
[    9.847333][    T1] usb usb36: New USB device found, idVendor=3D1d6b, =
idProduct=3D0003, bcdDevice=3D 6.04
[    9.847967][    T1] usb usb36: New USB device strings: Mfr=3D3, =
Product=3D2, SerialNumber=3D1
[    9.848525][    T1] usb usb36: Product: USB/IP Virtual Host =
Controller
[    9.848987][    T1] usb usb36: Manufacturer: Linux =
6.4.0-rc6-00195-g40f71e7cd3c6 vhci_hcd
[    9.849553][    T1] usb usb36: SerialNumber: vhci_hcd.13
[    9.850581][    T1] hub 36-0:1.0: USB hub found
[    9.850951][    T1] hub 36-0:1.0: 8 ports detected
[    9.853468][    T1] vhci_hcd vhci_hcd.14: USB/IP Virtual Host =
Controller
[    9.854177][    T1] vhci_hcd vhci_hcd.14: new USB bus registered, =
assigned bus number 37
[    9.854936][    T1] usb usb37: New USB device found, idVendor=3D1d6b, =
idProduct=3D0002, bcdDevice=3D 6.04
[    9.855576][    T1] usb usb37: New USB device strings: Mfr=3D3, =
Product=3D2, SerialNumber=3D1
[    9.856135][    T1] usb usb37: Product: USB/IP Virtual Host =
Controller
[    9.856595][    T1] usb usb37: Manufacturer: Linux =
6.4.0-rc6-00195-g40f71e7cd3c6 vhci_hcd
[    9.857166][    T1] usb usb37: SerialNumber: vhci_hcd.14
[    9.858198][    T1] hub 37-0:1.0: USB hub found
[    9.858573][    T1] hub 37-0:1.0: 8 ports detected
[    9.860619][    T1] vhci_hcd vhci_hcd.14: USB/IP Virtual Host =
Controller
[    9.861312][    T1] vhci_hcd vhci_hcd.14: new USB bus registered, =
